Component: ARM Compiler 5.05 update 1 (build 106) Tool: armlink [4d0efa]

==============================================================================

Section Cross References

    startup_stm32f40_41xxx.o(STACK) refers (Special) to heapauxi.o(.text) for __use_two_region_memory
    startup_stm32f40_41xxx.o(HEAP) refers (Special) to heapauxi.o(.text) for __use_two_region_memory
    startup_stm32f40_41xxx.o(RESET) refers (Special) to heapauxi.o(.text) for __use_two_region_memory
    startup_stm32f40_41xxx.o(RESET) refers to startup_stm32f40_41xxx.o(STACK) for __initial_sp
    startup_stm32f40_41xxx.o(RESET) refers to startup_stm32f40_41xxx.o(.text) for Reset_Handler
    startup_stm32f40_41xxx.o(RESET) refers to stm32f4xx_it.o(i.NMI_Handler) for NMI_Handler
    startup_stm32f40_41xxx.o(RESET) refers to stm32f4xx_it.o(i.HardFault_Handler) for HardFault_Handler
    startup_stm32f40_41xxx.o(RESET) refers to stm32f4xx_it.o(i.MemManage_Handler) for MemManage_Handler
    startup_stm32f40_41xxx.o(RESET) refers to stm32f4xx_it.o(i.BusFault_Handler) for BusFault_Handler
    startup_stm32f40_41xxx.o(RESET) refers to stm32f4xx_it.o(i.UsageFault_Handler) for UsageFault_Handler
    startup_stm32f40_41xxx.o(RESET) refers to stm32f4xx_it.o(i.SVC_Handler) for SVC_Handler
    startup_stm32f40_41xxx.o(RESET) refers to stm32f4xx_it.o(i.DebugMon_Handler) for DebugMon_Handler
    startup_stm32f40_41xxx.o(RESET) refers to stm32f4xx_it.o(i.PendSV_Handler) for PendSV_Handler
    startup_stm32f40_41xxx.o(RESET) refers to stm32f4xx_it.o(i.SysTick_Handler) for SysTick_Handler
    startup_stm32f40_41xxx.o(RESET) refers to main.o(i.TIM4_IRQHandler) for TIM4_IRQHandler
    startup_stm32f40_41xxx.o(RESET) refers to usart.o(i.USART1_IRQHandler) for USART1_IRQHandler
    startup_stm32f40_41xxx.o(.text) refers (Special) to heapauxi.o(.text) for __use_two_region_memory
    startup_stm32f40_41xxx.o(.text) refers to system_stm32f4xx.o(i.SystemInit) for SystemInit
    startup_stm32f40_41xxx.o(.text) refers to __main.o(!!!main) for __main
    startup_stm32f40_41xxx.o(.text) refers to startup_stm32f40_41xxx.o(HEAP) for Heap_Mem
    startup_stm32f40_41xxx.o(.text) refers to startup_stm32f40_41xxx.o(STACK) for Stack_Mem
    stm32f4xx_can.o(i.CAN_DeInit) refers to stm32f4xx_rcc.o(i.RCC_APB1PeriphResetCmd) for RCC_APB1PeriphResetCmd
    stm32f4xx_can.o(i.CAN_GetITStatus) refers to stm32f4xx_can.o(i.CheckITStatus) for CheckITStatus
    stm32f4xx_gpio.o(i.GPIO_DeInit) refers to stm32f4xx_rcc.o(i.RCC_AHB1PeriphResetCmd) for RCC_AHB1PeriphResetCmd
    stm32f4xx_pwr.o(i.PWR_DeInit) refers to stm32f4xx_rcc.o(i.RCC_APB1PeriphResetCmd) for RCC_APB1PeriphResetCmd
    stm32f4xx_rcc.o(i.RCC_GetClocksFreq) refers to stm32f4xx_rcc.o(.data) for APBAHBPrescTable
    stm32f4xx_rcc.o(i.RCC_WaitForHSEStartUp) refers to stm32f4xx_rcc.o(i.RCC_GetFlagStatus) for RCC_GetFlagStatus
    stm32f4xx_syscfg.o(i.SYSCFG_DeInit) refers to stm32f4xx_rcc.o(i.RCC_APB2PeriphResetCmd) for RCC_APB2PeriphResetCmd
    stm32f4xx_tim.o(i.TIM_DeInit) refers to stm32f4xx_rcc.o(i.RCC_APB2PeriphResetCmd) for RCC_APB2PeriphResetCmd
    stm32f4xx_tim.o(i.TIM_DeInit) refers to stm32f4xx_rcc.o(i.RCC_APB1PeriphResetCmd) for RCC_APB1PeriphResetCmd
    stm32f4xx_tim.o(i.TIM_ETRClockMode1Config) refers to stm32f4xx_tim.o(i.TIM_ETRConfig) for TIM_ETRConfig
    stm32f4xx_tim.o(i.TIM_ETRClockMode2Config) refers to stm32f4xx_tim.o(i.TIM_ETRConfig) for TIM_ETRConfig
    stm32f4xx_tim.o(i.TIM_ICInit) refers to stm32f4xx_tim.o(i.TI1_Config) for TI1_Config
    stm32f4xx_tim.o(i.TIM_ICInit) refers to stm32f4xx_tim.o(i.TIM_SetIC1Prescaler) for TIM_SetIC1Prescaler
    stm32f4xx_tim.o(i.TIM_ICInit) refers to stm32f4xx_tim.o(i.TI2_Config) for TI2_Config
    stm32f4xx_tim.o(i.TIM_ICInit) refers to stm32f4xx_tim.o(i.TIM_SetIC2Prescaler) for TIM_SetIC2Prescaler
    stm32f4xx_tim.o(i.TIM_ICInit) refers to stm32f4xx_tim.o(i.TI3_Config) for TI3_Config
    stm32f4xx_tim.o(i.TIM_ICInit) refers to stm32f4xx_tim.o(i.TIM_SetIC3Prescaler) for TIM_SetIC3Prescaler
    stm32f4xx_tim.o(i.TIM_ICInit) refers to stm32f4xx_tim.o(i.TI4_Config) for TI4_Config
    stm32f4xx_tim.o(i.TIM_ICInit) refers to stm32f4xx_tim.o(i.TIM_SetIC4Prescaler) for TIM_SetIC4Prescaler
    stm32f4xx_tim.o(i.TIM_ITRxExternalClockConfig) refers to stm32f4xx_tim.o(i.TIM_SelectInputTrigger) for TIM_SelectInputTrigger
    stm32f4xx_tim.o(i.TIM_PWMIConfig) refers to stm32f4xx_tim.o(i.TI1_Config) for TI1_Config
    stm32f4xx_tim.o(i.TIM_PWMIConfig) refers to stm32f4xx_tim.o(i.TIM_SetIC1Prescaler) for TIM_SetIC1Prescaler
    stm32f4xx_tim.o(i.TIM_PWMIConfig) refers to stm32f4xx_tim.o(i.TI2_Config) for TI2_Config
    stm32f4xx_tim.o(i.TIM_PWMIConfig) refers to stm32f4xx_tim.o(i.TIM_SetIC2Prescaler) for TIM_SetIC2Prescaler
    stm32f4xx_tim.o(i.TIM_TIxExternalClockConfig) refers to stm32f4xx_tim.o(i.TI2_Config) for TI2_Config
    stm32f4xx_tim.o(i.TIM_TIxExternalClockConfig) refers to stm32f4xx_tim.o(i.TI1_Config) for TI1_Config
[...]
    i.NMI_Handler                            0x08001980   Section        0  stm32f4xx_it.o(i.NMI_Handler)
    i.NVIC_Init                              0x08001984   Section        0  misc.o(i.NVIC_Init)
    i.NVIC_PriorityGroupConfig               0x080019fc   Section        0  misc.o(i.NVIC_PriorityGroupConfig)
    i.NVIC_init                              0x08001a10   Section        0  nvic.o(i.NVIC_init)
    i.PendSV_Handler                         0x08001a4e   Section        0  stm32f4xx_it.o(i.PendSV_Handler)
    i.RCC_AHB1PeriphClockCmd                 0x08001a50   Section        0  stm32f4xx_rcc.o(i.RCC_AHB1PeriphClockCmd)
    i.RCC_APB1PeriphClockCmd                 0x08001a70   Section        0  stm32f4xx_rcc.o(i.RCC_APB1PeriphClockCmd)
    i.RCC_APB2PeriphClockCmd                 0x08001a90   Section        0  stm32f4xx_rcc.o(i.RCC_APB2PeriphClockCmd)
    i.RCC_GetClocksFreq                      0x08001ab0   Section        0  stm32f4xx_rcc.o(i.RCC_GetClocksFreq)
    i.SVC_Handler                            0x08001b98   Section        0  stm32f4xx_it.o(i.SVC_Handler)
    i.SetSysClock                            0x08001b9c   Section        0  system_stm32f4xx.o(i.SetSysClock)
    SetSysClock                              0x08001b9d   Thumb Code   220  system_stm32f4xx.o(i.SetSysClock)
    i.SysTick_CLKSourceConfig                0x08001c88   Section        0  misc.o(i.SysTick_CLKSourceConfig)
    i.SysTick_Handler                        0x08001cb0   Section        0  stm32f4xx_it.o(i.SysTick_Handler)
    i.SystemInit                             0x08001cb4   Section        0  system_stm32f4xx.o(i.SystemInit)
    i.TIM4_IRQHandler                        0x08001d1c   Section        0  main.o(i.TIM4_IRQHandler)
    i.TIM_ClearITPendingBit                  0x08001d9c   Section        0  stm32f4xx_tim.o(i.TIM_ClearITPendingBit)
    i.TIM_Cmd                                0x08001da2   Section        0  stm32f4xx_tim.o(i.TIM_Cmd)
    i.TIM_GetITStatus                        0x08001dba   Section        0  stm32f4xx_tim.o(i.TIM_GetITStatus)
    i.TIM_ITConfig                           0x08001ddc   Section        0  stm32f4xx_tim.o(i.TIM_ITConfig)
    i.TIM_TimeBaseInit                       0x08001df0   Section        0  stm32f4xx_tim.o(i.TIM_TimeBaseInit)
    i.USART1_IRQHandler                      0x08001e74   Section        0  usart.o(i.USART1_IRQHandler)
    i.USART_Cmd                              0x08001efc   Section        0  stm32f4xx_usart.o(i.USART_Cmd)
    i.USART_GetITStatus                      0x08001f14   Section        0  stm32f4xx_usart.o(i.USART_GetITStatus)
    i.USART_ITConfig                         0x08001f68   Section        0  stm32f4xx_usart.o(i.USART_ITConfig)
    i.USART_Init                             0x08001fb4   Section        0  stm32f4xx_usart.o(i.USART_Init)
    i.USART_ReceiveData                      0x08002088   Section        0  stm32f4xx_usart.o(i.USART_ReceiveData)
    i.UsageFault_Handler                     0x08002092   Section        0  stm32f4xx_it.o(i.UsageFault_Handler)
    i.__ARM_fpclassify                       0x08002096   Section        0  fpclassify.o(i.__ARM_fpclassify)
    i.__hardfp_asin                          0x080020c8   Section        0  asin.o(i.__hardfp_asin)
    i.__hardfp_atan                          0x08002428   Section        0  atan.o(i.__hardfp_atan)
    i.__hardfp_atan2                         0x08002700   Section        0  atan2.o(i.__hardfp_atan2)
    i.__kernel_poly                          0x080028f0   Section        0  poly.o(i.__kernel_poly)
    i.__mathlib_dbl_infnan                   0x080029e8   Section        0  dunder.o(i.__mathlib_dbl_infnan)
    i.__mathlib_dbl_infnan2                  0x080029fc   Section        0  dunder.o(i.__mathlib_dbl_infnan2)
    i.__mathlib_dbl_invalid                  0x08002a10   Section        0  dunder.o(i.__mathlib_dbl_invalid)
    i.__mathlib_dbl_underflow                0x08002a30   Section        0  dunder.o(i.__mathlib_dbl_underflow)
    i._is_digit                              0x08002a50   Section        0  __printf_wp.o(i._is_digit)
    i._sys_exit                              0x08002a5e   Section        0  usart.o(i._sys_exit)
    i.atan                                   0x08002a64   Section        0  atan.o(i.atan)
    i.decode_gesture                         0x08002a74   Section        0  inv_mpu_dmp_motion_driver.o(i.decode_gesture)
    decode_gesture                           0x08002a75   Thumb Code    94  inv_mpu_dmp_motion_driver.o(i.decode_gesture)
    i.delay_init                             0x08002ad8   Section        0  delay.o(i.delay_init)
    i.delay_ms                               0x08002b14   Section        0  delay.o(i.delay_ms)
    i.delay_us                               0x08002b4c   Section        0  delay.o(i.delay_us)
    i.delay_xms                              0x08002b98   Section        0  delay.o(i.delay_xms)
    i.dmp_enable_6x_lp_quat                  0x08002be4   Section        0  inv_mpu_dmp_motion_driver.o(i.dmp_enable_6x_lp_quat)
    i.dmp_enable_feature                     0x08002c20   Section        0  inv_mpu_dmp_motion_driver.o(i.dmp_enable_feature)
    i.dmp_enable_gyro_cal                    0x08002e3c   Section        0  inv_mpu_dmp_motion_driver.o(i.dmp_enable_gyro_cal)
    i.dmp_enable_lp_quat                     0x08002e94   Section        0  inv_mpu_dmp_motion_driver.o(i.dmp_enable_lp_quat)
    i.dmp_load_motion_driver_firmware        0x08002ed0   Section        0  inv_mpu_dmp_motion_driver.o(i.dmp_load_motion_driver_firmware)
    i.dmp_read_fifo                          0x08002ee8   Section        0  inv_mpu_dmp_motion_driver.o(i.dmp_read_fifo)
    i.dmp_set_accel_bias                     0x080030b0   Section        0  inv_mpu_dmp_motion_driver.o(i.dmp_set_accel_bias)
    i.dmp_set_fifo_rate                      0x080031e0   Section        0  inv_mpu_dmp_motion_driver.o(i.dmp_set_fifo_rate)
    i.dmp_set_gyro_bias                      0x08003250   Section        0  inv_mpu_dmp_motion_driver.o(i.dmp_set_gyro_bias)
    i.dmp_set_orientation                    0x08003380   Section        0  inv_mpu_dmp_motion_driver.o(i.dmp_set_orientation)
    i.dmp_set_shake_reject_thresh            0x080034b8   Section        0  inv_mpu_dmp_motion_driver.o(i.dmp_set_shake_reject_thresh)
    i.dmp_set_shake_reject_time              0x080034f0   Section        0  inv_mpu_dmp_motion_driver.o(i.dmp_set_shake_reject_time)
    i.dmp_set_shake_reject_timeout           0x08003516   Section        0  inv_mpu_dmp_motion_driver.o(i.dmp_set_shake_reject_timeout)
    i.dmp_set_tap_axes                       0x0800353c   Section        0  inv_mpu_dmp_motion_driver.o(i.dmp_set_tap_axes)
    i.dmp_set_tap_count                      0x08003582   Section        0  inv_mpu_dmp_motion_driver.o(i.dmp_set_tap_count)
    i.dmp_set_tap_thresh                     0x080035a8   Section        0  inv_mpu_dmp_motion_driver.o(i.dmp_set_tap_thresh)
    i.dmp_set_tap_time                       0x08003768   Section        0  inv_mpu_dmp_motion_driver.o(i.dmp_set_tap_time)
    i.dmp_set_tap_time_multi                 0x0800378e   Section        0  inv_mpu_dmp_motion_driver.o(i.dmp_set_tap_time_multi)
    i.fabs                                   0x080037b4   Section        0  fabs.o(i.fabs)
    i.fputc                                  0x080037cc   Section        0  usart.o(i.fputc)
    i.get_st_biases                          0x080037e8   Section        0  inv_mpu.o(i.get_st_biases)
    get_st_biases                            0x080037e9   Thumb Code  1132  inv_mpu.o(i.get_st_biases)
    i.i2cReadBuffer                          0x08003c58   Section        0  myiic.o(i.i2cReadBuffer)
    i.i2cWriteBuffer                         0x08003ccc   Section        0  myiic.o(i.i2cWriteBuffer)
    i.i2cread                                0x08003d2a   Section        0  myiic.o(i.i2cread)
    i.i2cwrite                               0x08003d4e   Section        0  myiic.o(i.i2cwrite)
    i.inv_orientation_matrix_to_scalar       0x08003d72   Section        0  mpu9250.o(i.inv_orientation_matrix_to_scalar)
    i.inv_row_2_scale                        0x08003d9a   Section        0  mpu9250.o(i.inv_row_2_scale)
    i.main                                   0x08003de8   Section        0  main.o(i.main)
    i.mpu_configure_fifo                     0x0800455c   Section        0  inv_mpu.o(i.mpu_configure_fifo)
    i.mpu_get_accel_fsr                      0x080045cc   Section        0  inv_mpu.o(i.mpu_get_accel_fsr)
    i.mpu_get_accel_sens                     0x08004618   Section        0  inv_mpu.o(i.mpu_get_accel_sens)
    i.mpu_get_fifo_config                    0x0800466c   Section        0  inv_mpu.o(i.mpu_get_fifo_config)
    i.mpu_get_gyro_fsr                       0x0800467c   Section        0  inv_mpu.o(i.mpu_get_gyro_fsr)
    i.mpu_get_gyro_sens                      0x080046c0   Section        0  inv_mpu.o(i.mpu_get_gyro_sens)
    i.mpu_get_lpf                            0x08004720   Section        0  inv_mpu.o(i.mpu_get_lpf)
    i.mpu_get_sample_rate                    0x08004770   Section        0  inv_mpu.o(i.mpu_get_sample_rate)
    i.mpu_init                               0x08004790   Section        0  inv_mpu.o(i.mpu_init)
    i.mpu_load_firmware                      0x08004890   Section        0  inv_mpu.o(i.mpu_load_firmware)
    i.mpu_lp_accel_mode                      0x08004948   Section        0  inv_mpu.o(i.mpu_lp_accel_mode)
    i.mpu_read_fifo_stream                   0x08004a48   Section        0  inv_mpu.o(i.mpu_read_fifo_stream)
    i.mpu_read_mem                           0x08004b08   Section        0  inv_mpu.o(i.mpu_read_mem)
    i.mpu_reset_fifo                         0x08004b88   Section        0  inv_mpu.o(i.mpu_reset_fifo)
    i.mpu_run_self_test                      0x08004d50   Section        0  inv_mpu.o(i.mpu_run_self_test)
    i.mpu_set_accel_fsr                      0x08004dfc   Section        0  inv_mpu.o(i.mpu_set_accel_fsr)
    i.mpu_set_bypass                         0x08004e80   Section        0  inv_mpu.o(i.mpu_set_bypass)
    i.mpu_set_compass_sample_rate            0x08004fcc   Section        0  inv_mpu.o(i.mpu_set_compass_sample_rate)
    i.mpu_set_dmp_state                      0x0800502c   Section        0  inv_mpu.o(i.mpu_set_dmp_state)
    i.mpu_set_gyro_fsr                       0x080050bc   Section        0  inv_mpu.o(i.mpu_set_gyro_fsr)
    i.mpu_set_int_latched                    0x08005144   Section        0  inv_mpu.o(i.mpu_set_int_latched)
    i.mpu_set_lpf                            0x080051b0   Section        0  inv_mpu.o(i.mpu_set_lpf)
    i.mpu_set_sample_rate                    0x08005234   Section        0  inv_mpu.o(i.mpu_set_sample_rate)
    i.mpu_set_sensors                        0x080052e8   Section        0  inv_mpu.o(i.mpu_set_sensors)
    i.mpu_write_mem                          0x08005450   Section        0  inv_mpu.o(i.mpu_write_mem)
    i.run_self_test                          0x080054d0   Section        0  mpu9250.o(i.run_self_test)
    i.set_int_enable                         0x080055bc   Section        0  inv_mpu.o(i.set_int_enable)
    set_int_enable                           0x080055bd   Thumb Code   138  inv_mpu.o(i.set_int_enable)
    i.setup_compass                          0x0800564c   Section        0  inv_mpu.o(i.setup_compass)
    setup_compass                            0x0800564d   Thumb Code   564  inv_mpu.o(i.setup_compass)
    i.sqrt                                   0x08005898   Section        0  sqrt.o(i.sqrt)
    i.timer_init                             0x08005908   Section        0  tim.o(i.timer_init)
    i.uart_init                              0x08005948   Section        0  usart.o(i.uart_init)
    locale$$code                             0x080059d8   Section       44  lc_numeric_c.o(locale$$code)
    x$fpl$basic                              0x08005a04   Section       24  basic.o(x$fpl$basic)
    $v0                                      0x08005a04   Number         0  basic.o(x$fpl$basic)
    x$fpl$d2f                                0x08005a1c   Section       98  d2f.o(x$fpl$d2f)
    $v0                                      0x08005a1c   Number         0  d2f.o(x$fpl$d2f)
    x$fpl$dadd                               0x08005a80   Section      336  daddsub_clz.o(x$fpl$dadd)
    $v0                                      0x08005a80   Number         0  daddsub_clz.o(x$fpl$dadd)
    _dadd1                                   0x08005a91   Thumb Code     0  daddsub_clz.o(x$fpl$dadd)
    x$fpl$ddiv                               0x08005bd0   Section      688  ddiv.o(x$fpl$ddiv)
    $v0                                      0x08005bd0   Number         0  ddiv.o(x$fpl$ddiv)
    ddiv_entry                               0x08005bd7   Thumb Code     0  ddiv.o(x$fpl$ddiv)
    x$fpl$dmul                               0x08005e80   Section      340  dmul.o(x$fpl$dmul)
    $v0                                      0x08005e80   Number         0  dmul.o(x$fpl$dmul)
    x$fpl$dnaninf                            0x08005fd4   Section      156  dnaninf.o(x$fpl$dnaninf)
    $v0                                      0x08005fd4   Number         0  dnaninf.o(x$fpl$dnaninf)
    x$fpl$dretinf                            0x08006070   Section       12  dretinf.o(x$fpl$dretinf)
    $v0                                      0x08006070   Number         0  dretinf.o(x$fpl$dretinf)
    x$fpl$drsb                               0x0800607c   Section       22  daddsub_clz.o(x$fpl$drsb)
    $v0                                      0x0800607c   Number         0  daddsub_clz.o(x$fpl$drsb)
    x$fpl$dsqrt                              0x08006094   Section      408  dsqrt_umaal.o(x$fpl$dsqrt)
    $v0                                      0x08006094   Number         0  dsqrt_umaal.o(x$fpl$dsqrt)
    x$fpl$dsub                               0x0800622c   Section      468  daddsub_clz.o(x$fpl$dsub)
    $v0                                      0x0800622c   Number         0  daddsub_clz.o(x$fpl$dsub)
    _dsub1                                   0x0800623d   Thumb Code     0  daddsub_clz.o(x$fpl$dsub)
    x$fpl$f2d                                0x08006400   Section       86  f2d.o(x$fpl$f2d)
    $v0                                      0x08006400   Number         0  f2d.o(x$fpl$f2d)
    x$fpl$fnaninf                            0x08006456   Section      140  fnaninf.o(x$fpl$fnaninf)
    $v0                                      0x08006456   Number         0  fnaninf.o(x$fpl$fnaninf)
    x$fpl$fpinit                             0x080064e2   Section       10  fpinit.o(x$fpl$fpinit)
    $v0                                      0x080064e2   Number         0  fpinit.o(x$fpl$fpinit)
    x$fpl$fretinf                            0x080064ec   Section       10  fretinf.o(x$fpl$fretinf)
    $v0                                      0x080064ec   Number         0  fretinf.o(x$fpl$fretinf)
    x$fpl$printf1                            0x080064f6   Section        4  printf1.o(x$fpl$printf1)
    $v0                                      0x080064f6   Number         0  printf1.o(x$fpl$printf1)
    x$fpl$usenofp                            0x080064fa   Section        0  usenofp.o(x$fpl$usenofp)
    .constdata                               0x080064fc   Section       96  inv_mpu.o(.constdata)
    .constdata                               0x0800655c   Section     3062  inv_mpu_dmp_motion_driver.o(.constdata)
    dmp_memory                               0x0800655c   Data        3062  inv_mpu_dmp_motion_driver.o(.constdata)
    .constdata                               0x08007158   Section       80  asin.o(.constdata)
    pS                                       0x08007158   Data          48  asin.o(.constdata)
    qS                                       0x08007188   Data          32  asin.o(.constdata)
    .constdata                               0x080071a8   Section      152  atan.o(.constdata)
    atanhi                                   0x080071a8   Data          32  atan.o(.constdata)
    atanlo                                   0x080071c8   Data          32  atan.o(.constdata)
    aTodd                                    0x080071e8   Data          40  atan.o(.constdata)
    aTeven                                   0x08007210   Data          48  atan.o(.constdata)
    .constdata                               0x08007240   Section        8  qnan.o(.constdata)
    .constdata                               0x08007248   Section      148  bigflt0.o(.constdata)
    tenpwrs_x                                0x08007248   Data          60  bigflt0.o(.constdata)
    tenpwrs_i                                0x08007284   Data          64  bigflt0.o(.constdata)
    locale$$data                             0x080072fc   Section       28  lc_numeric_c.o(locale$$data)
    __lcnum_c_name                           0x08007300   Data           2  lc_numeric_c.o(locale$$data)
    __lcnum_c_start                          0x08007308   Data           0  lc_numeric_c.o(locale$$data)
    __lcnum_c_point                          0x08007314   Data           0  lc_numeric_c.o(locale$$data)
    __lcnum_c_thousands                      0x08007316   Data           0  lc_numeric_c.o(locale$$data)
    __lcnum_c_grouping                       0x08007317   Data           0  lc_numeric_c.o(locale$$data)
    __lcnum_c_end                            0x08007318   Data           0  lc_numeric_c.o(locale$$data)
    .data                                    0x20000000   Section       16  stm32f4xx_rcc.o(.data)
    APBAHBPrescTable                         0x20000000   Data          16  stm32f4xx_rcc.o(.data)
    .data                                    0x20000010   Section       56  inv_mpu.o(.data)
    st                                       0x20000010   Data          56  inv_mpu.o(.data)
    .data                                    0x20000048   Section        4  delay.o(.data)
    fac_us                                   0x20000048   Data           1  delay.o(.data)
    fac_ms                                   0x2000004a   Data           2  delay.o(.data)
    .data                                    0x2000004c   Section        6  usart.o(.data)
    .data                                    0x20000054   Section       83  main.o(.data)
    gyro_orientation                         0x20000088   Data           9  main.o(.data)
    .bss                                     0x200000a8   Section       16  inv_mpu_dmp_motion_driver.o(.bss)
    dmp                                      0x200000a8   Data          16  inv_mpu_dmp_motion_driver.o(.bss)
    .bss                                     0x200000b8   Section      200  usart.o(.bss)
    .bss                                     0x20000180   Section       32  main.o(.bss)
    hal                                      0x20000180   Data          14  main.o(.bss)
    .bss                                     0x200001a0   Section       96  libspace.o(.bss)
    HEAP                                     0x20000200   Section      512  startup_stm32f40_41xxx.o(HEAP)
    Heap_Mem                                 0x20000200   Data         512  startup_stm32f40_41xxx.o(HEAP)
    STACK                                    0x20000400   Section     1024  startup_stm32f40_41xxx.o(STACK)
    Stack_Mem                                0x20000400   Data        1024  startup_stm32f40_41xxx.o(STACK)
    __initial_sp                             0x20000800   Data           0  startup_stm32f40_41xxx.o(STACK)

    Global Symbols

    Symbol Name                              Value     Ov Type        Size  Object(Section)

    BuildAttributes$$THM_ISAv4$E$P$D$K$B$S$7EM$VFPi3$EXTD16$VFPS$VFMA$PE$A:L22UL41UL21$X:L11$S22US41US21$IEEE1$IW$USESV6$~STKCKD$USESV7$~SHL$OTIME$ROPI$IEEEX$EBA8$UX$STANDARDLIB$REQ8$PRES8$EABIv2 0x00000000   Number         0  anon$$obj.o ABSOLUTE
    __ARM_use_no_argv                        0x00000000   Number         0  main.o ABSOLUTE
    _printf_flags                            0x00000000   Number         0  printf_stubs.o ABSOLUTE
    _printf_return_value                     0x00000000   Number         0  printf_stubs.o ABSOLUTE
    _printf_sizespec                         0x00000000   Number         0  printf_stubs.o ABSOLUTE
    _printf_widthprec                        0x00000000   Number         0  printf_stubs.o ABSOLUTE
    __ARM_exceptions_init                     - Undefined Weak Reference
    __alloca_initialize                       - Undefined Weak Reference
    __arm_preinit_                            - Undefined Weak Reference
    __cpp_initialize__aeabi_                  - Undefined Weak Reference
    __cxa_finalize                            - Undefined Weak Reference
    __sigvec_lookup                           - Undefined Weak Reference
    _atexit_init                              - Undefined Weak Reference
    _call_atexit_fns                          - Undefined Weak Reference
    _clock_init                               - Undefined Weak Reference
    _fp_trap_init                             - Undefined Weak Reference
    _fp_trap_shutdown                         - Undefined Weak Reference
    _get_lc_collate                           - Undefined Weak Reference
    _get_lc_ctype                             - Undefined Weak Reference
    _get_lc_monetary                          - Undefined Weak Reference
    _get_lc_time                              - Undefined Weak Reference
    _getenv_init                              - Undefined Weak Reference
    _handle_redirection                       - Undefined Weak Reference
    _init_alloc                               - Undefined Weak Reference
    _init_user_alloc                          - Undefined Weak Reference
    _initio                                   - Undefined Weak Reference
    _mutex_acquire                            - Undefined Weak Reference
    _mutex_release                            - Undefined Weak Reference
    _printf_post_padding                      - Undefined Weak Reference
    _printf_pre_padding                       - Undefined Weak Reference
    _printf_truncate_signed                   - Undefined Weak Reference
    _printf_truncate_unsigned                 - Undefined Weak Reference
    _rand_init                                - Undefined Weak Reference
    _signal_finish                            - Undefined Weak Reference
    _signal_init                              - Undefined Weak Reference
    _terminate_alloc                          - Undefined Weak Reference
    _terminate_user_alloc                     - Undefined Weak Reference
    _terminateio                              - Undefined Weak Reference
    __Vectors_Size                           0x00000188   Number         0  startup_stm32f40_41xxx.o ABSOLUTE
    __Vectors                                0x08000000   Data           4  startup_stm32f40_41xxx.o(RESET)
    __Vectors_End                            0x08000188   Data           0  startup_stm32f40_41xxx.o(RESET)
    __main                                   0x08000189   Thumb Code     8  __main.o(!!!main)
    __scatterload                            0x08000191   Thumb Code     0  __scatter.o(!!!scatter)
    __scatterload_rt2                        0x08000191   Thumb Code    44  __scatter.o(!!!scatter)
    __scatterload_rt2_thumb_only             0x08000191   Thumb Code     0  __scatter.o(!!!scatter)
    __scatterload_null                       0x0800019f   Thumb Code     0  __scatter.o(!!!scatter)
    __scatterload_copy                       0x080001c5   Thumb Code    26  __scatter_copy.o(!!handler_copy)
    __scatterload_zeroinit                   0x080001e1   Thumb Code    28  __scatter_zi.o(!!handler_zi)
    _printf_f                                0x080001fd   Thumb Code     0  _printf_f.o(.ARM.Collect$$_printf_percent$$00000003)
    _printf_percent                          0x080001fd   Thumb Code     0  _printf_percent.o(.ARM.Collect$$_printf_percent$$00000000)
    _printf_d                                0x08000203   Thumb Code     0  _printf_d.o(.ARM.Collect$$_printf_percent$$00000009)
    _printf_percent_end                      0x08000209   Thumb Code     0  _printf_percent_end.o(.ARM.Collect$$_printf_percent$$00000017)
    __rt_lib_init                            0x0800020d   Thumb Code     0  libinit.o(.ARM.Collect$$libinit$$00000000)
    __rt_lib_init_fp_1                       0x0800020f   Thumb Code     0  libinit2.o(.ARM.Collect$$libinit$$00000001)
    __rt_lib_init_heap_1                     0x08000213   Thumb Code     0  libinit2.o(.ARM.Collect$$libinit$$0000000A)
    __rt_lib_init_lc_common                  0x08000213   Thumb Code     0  libinit2.o(.ARM.Collect$$libinit$$0000000F)
    __rt_lib_init_preinit_1                  0x08000213   Thumb Code     0  libinit2.o(.ARM.Collect$$libinit$$00000004)
    __rt_lib_init_rand_1                     0x08000213   Thumb Code     0  libinit2.o(.ARM.Collect$$libinit$$0000000E)
    __rt_lib_init_user_alloc_1               0x08000213   Thumb Code     0  libinit2.o(.ARM.Collect$$libinit$$0000000C)
    __rt_lib_init_lc_collate_1               0x08000219   Thumb Code     0  libinit2.o(.ARM.Collect$$libinit$$00000011)
    __rt_lib_init_lc_ctype_1                 0x08000219   Thumb Code     0  libinit2.o(.ARM.Collect$$libinit$$00000013)
    __rt_lib_init_lc_monetary_1              0x08000219   Thumb Code     0  libinit2.o(.ARM.Collect$$libinit$$00000015)
    __rt_lib_init_lc_numeric_2               0x08000219   Thumb Code     0  libinit2.o(.ARM.Collect$$libinit$$00000016)
    __rt_lib_init_alloca_1                   0x08000223   Thumb Code     0  libinit2.o(.ARM.Collect$$libinit$$0000002E)
    __rt_lib_init_argv_1                     0x08000223   Thumb Code     0  libinit2.o(.ARM.Collect$$libinit$$0000002C)
    __rt_lib_init_atexit_1                   0x08000223   Thumb Code     0  libinit2.o(.ARM.Collect$$libinit$$0000001B)
    __rt_lib_init_clock_1                    0x08000223   Thumb Code     0  libinit2.o(.ARM.Collect$$libinit$$00000021)
    __rt_lib_init_cpp_1                      0x08000223   Thumb Code     0  libinit2.o(.ARM.Collect$$libinit$$00000032)
    __rt_lib_init_exceptions_1               0x08000223   Thumb Code     0  libinit2.o(.ARM.Collect$$libinit$$00000030)
    __rt_lib_init_fp_trap_1                  0x08000223   Thumb Code     0  libinit2.o(.ARM.Collect$$libinit$$0000001F)
    __rt_lib_init_getenv_1                   0x08000223   Thumb Code     0  libinit2.o(.ARM.Collect$$libinit$$00000023)
    __rt_lib_init_lc_numeric_1               0x08000223   Thumb Code     0  libinit2.o(.ARM.Collect$$libinit$$00000017)
    __rt_lib_init_lc_time_1                  0x08000223   Thumb Code     0  libinit2.o(.ARM.Collect$$libinit$$00000019)
    __rt_lib_init_return                     0x08000223   Thumb Code     0  libinit2.o(.ARM.Collect$$libinit$$00000033)
    __rt_lib_init_signal_1                   0x08000223   Thumb Code     0  libinit2.o(.ARM.Collect$$libinit$$0000001D)
    __rt_lib_init_stdio_1                    0x08000223   Thumb Code     0  libinit2.o(.ARM.Collect$$libinit$$00000025)
    __rt_lib_shutdown                        0x08000225   Thumb Code     0  libshutdown.o(.ARM.Collect$$libshutdown$$00000000)
    __rt_lib_shutdown_fp_trap_1              0x08000227   Thumb Code     0  libshutdown2.o(.ARM.Collect$$libshutdown$$00000006)
    __rt_lib_shutdown_heap_1                 0x08000227   Thumb Code     0  libshutdown2.o(.ARM.Collect$$libshutdown$$0000000E)
    __rt_lib_shutdown_return                 0x08000227   Thumb Code     0  libshutdown2.o(.ARM.Collect$$libshutdown$$0000000F)
    __rt_lib_shutdown_signal_1               0x08000227   Thumb Code     0  libshutdown2.o(.ARM.Collect$$libshutdown$$00000009)
    __rt_lib_shutdown_stdio_1                0x08000227   Thumb Code     0  libshutdown2.o(.ARM.Collect$$libshutdown$$00000003)
    __rt_lib_shutdown_user_alloc_1           0x08000227   Thumb Code     0  libshutdown2.o(.ARM.Collect$$libshutdown$$0000000B)
    __rt_entry                               0x08000229   Thumb Code     0  __rtentry.o(.ARM.Collect$$rtentry$$00000000)
    __rt_entry_presh_1                       0x08000229   Thumb Code     0  __rtentry2.o(.ARM.Collect$$rtentry$$00000002)
    __rt_entry_sh                            0x08000229   Thumb Code     0  __rtentry4.o(.ARM.Collect$$rtentry$$00000004)
    __rt_entry_li                            0x0800022f   Thumb Code     0  __rtentry2.o(.ARM.Collect$$rtentry$$0000000A)
    __rt_entry_postsh_1                      0x0800022f   Thumb Code     0  __rtentry2.o(.ARM.Collect$$rtentry$$00000009)
    __rt_entry_main                          0x08000233   Thumb Code     0  __rtentry2.o(.ARM.Collect$$rtentry$$0000000D)
    __rt_entry_postli_1                      0x08000233   Thumb Code     0  __rtentry2.o(.ARM.Collect$$rtentry$$0000000C)
    __rt_exit                                0x0800023b   Thumb Code     0  rtexit.o(.ARM.Collect$$rtexit$$00000000)
    __rt_exit_ls                             0x0800023d   Thumb Code     0  rtexit2.o(.ARM.Collect$$rtexit$$00000003)
    __rt_exit_prels_1                        0x0800023d   Thumb Code     0  rtexit2.o(.ARM.Collect$$rtexit$$00000002)
    __rt_exit_exit                           0x08000241   Thumb Code     0  rtexit2.o(.ARM.Collect$$rtexit$$00000004)
    Reset_Handler                            0x08000249   Thumb Code     8  startup_stm32f40_41xxx.o(.text)
    ADC_IRQHandler                           0x08000263   Thumb Code     0  startup_stm32f40_41xxx.o(.text)
    CAN1_RX0_IRQHandler                      0x08000263   Thumb Code     0  startup_stm32f40_41xxx.o(.text)
    CAN1_RX1_IRQHandler                      0x08000263   Thumb Code     0  startup_stm32f40_41xxx.o(.text)
    CAN1_SCE_IRQHandler                      0x08000263   Thumb Code     0  startup_stm32f40_41xxx.o(.text)
    CAN1_TX_IRQHandler                       0x08000263   Thumb Code     0  startup_stm32f40_41xxx.o(.text)
    CAN2_RX0_IRQHandler                      0x08000263   Thumb Code     0  startup_stm32f40_41xxx.o(.text)
    CAN2_RX1_IRQHandler                      0x08000263   Thumb Code     0  startup_stm32f40_41xxx.o(.text)
    CAN2_SCE_IRQHandler                      0x08000263   Thumb Code     0  startup_stm32f40_41xxx.o(.text)
    CAN2_TX_IRQHandler                       0x08000263   Thumb Code     0  startup_stm32f40_41xxx.o(.text)
    CRYP_IRQHandler                          0x08000263   Thumb Code     0  startup_stm32f40_41xxx.o(.text)
    DCMI_IRQHandler                          0x08000263   Thumb Code     0  startup_stm32f40_41xxx.o(.text)
    DMA1_Stream0_IRQHandler                  0x08000263   Thumb Code     0  startup_stm32f40_41xxx.o(.text)
    DMA1_Stream1_IRQHandler                  0x08000263   Thumb Code     0  startup_stm32f40_41xxx.o(.text)
    DMA1_Stream2_IRQHandler                  0x08000263   Thumb Code     0  startup_stm32f40_41xxx.o(.text)
    DMA1_Stream3_IRQHandler                  0x08000263   Thumb Code     0  startup_stm32f40_41xxx.o(.text)
    DMA1_Stream4_IRQHandler                  0x08000263   Thumb Code     0  startup_stm32f40_41xxx.o(.text)
    DMA1_Stream5_IRQHandler                  0x08000263   Thumb Code     0  startup_stm32f40_41xxx.o(.text)
    DMA1_Stream6_IRQHandler                  0x08000263   Thumb Code     0  startup_stm32f40_41xxx.o(.text)
    DMA1_Stream7_IRQHandler                  0x08000263   Thumb Code     0  startup_stm32f40_41xxx.o(.text)
    DMA2_Stream0_IRQHandler                  0x08000263   Thumb Code     0  startup_stm32f40_41xxx.o(.text)
    DMA2_Stream1_IRQHandler                  0x08000263   Thumb Code     0  startup_stm32f40_41xxx.o(.text)
    DMA2_Stream2_IRQHandler                  0x08000263   Thumb Code     0  startup_stm32f40_41xxx.o(.text)
    DMA2_Stream3_IRQHandler                  0x08000263   Thumb Code     0  startup_stm32f40_41xxx.o(.text)
    DMA2_Stream4_IRQHandler                  0x08000263   Thumb Code     0  startup_stm32f40_41xxx.o(.text)
    DMA2_Stream5_IRQHandler                  0x08000263   Thumb Code     0  startup_stm32f40_41xxx.o(.text)
    DMA2_Stream6_IRQHandler                  0x08000263   Thumb Code     0  startup_stm32f40_41xxx.o(.text)
    DMA2_Stream7_IRQHandler                  0x08000263   Thumb Code     0  startup_stm32f40_41xxx.o(.text)
    ETH_IRQHandler                           0x08000263   Thumb Code     0  startup_stm32f40_41xxx.o(.text)
    ETH_WKUP_IRQHandler                      0x08000263   Thumb Code     0  startup_stm32f40_41xxx.o(.text)
    EXTI0_IRQHandler                         0x08000263   Thumb Code     0  startup_stm32f40_41xxx.o(.text)
    EXTI15_10_IRQHandler                     0x08000263   Thumb Code     0  startup_stm32f40_41xxx.o(.text)
    EXTI1_IRQHandler                         0x08000263   Thumb Code     0  startup_stm32f40_41xxx.o(.text)
    EXTI2_IRQHandler                         0x08000263   Thumb Code     0  startup_stm32f40_41xxx.o(.text)
    EXTI3_IRQHandler                         0x08000263   Thumb Code     0  startup_stm32f40_41xxx.o(.text)
    EXTI4_IRQHandler                         0x08000263   Thumb Code     0  startup_stm32f40_41xxx.o(.text)
    EXTI9_5_IRQHandler                       0x08000263   Thumb Code     0  startup_stm32f40_41xxx.o(.text)
    FLASH_IRQHandler                         0x08000263   Thumb Code     0  startup_stm32f40_41xxx.o(.text)
    FPU_IRQHandler                           0x08000263   Thumb Code     0  startup_stm32f40_41xxx.o(.text)
    FSMC_IRQHandler                          0x08000263   Thumb Code     0  startup_stm32f40_41xxx.o(.text)
    HASH_RNG_IRQHandler                      0x08000263   Thumb Code     0  startup_stm32f40_41xxx.o(.text)
    I2C1_ER_IRQHandler                       0x08000263   Thumb Code     0  startup_stm32f40_41xxx.o(.text)
    I2C1_EV_IRQHandler                       0x08000263   Thumb Code     0  startup_stm32f40_41xxx.o(.text)
    I2C2_ER_IRQHandler                       0x08000263   Thumb Code     0  startup_stm32f40_41xxx.o(.text)
    I2C2_EV_IRQHandler                       0x08000263   Thumb Code     0  startup_stm32f40_41xxx.o(.text)
    I2C3_ER_IRQHandler                       0x08000263   Thumb Code     0  startup_stm32f40_41xxx.o(.text)
    I2C3_EV_IRQHandler                       0x08000263   Thumb Code     0  startup_stm32f40_41xxx.o(.text)
    OTG_FS_IRQHandler                        0x08000263   Thumb Code     0  startup_stm32f40_41xxx.o(.text)
    OTG_FS_WKUP_IRQHandler                   0x08000263   Thumb Code     0  startup_stm32f40_41xxx.o(.text)
    OTG_HS_EP1_IN_IRQHandler                 0x08000263   Thumb Code     0  startup_stm32f40_41xxx.o(.text)
    OTG_HS_EP1_OUT_IRQHandler                0x08000263   Thumb Code     0  startup_stm32f40_41xxx.o(.text)
    OTG_HS_IRQHandler                        0x08000263   Thumb Code     0  startup_stm32f40_41xxx.o(.text)
    OTG_HS_WKUP_IRQHandler                   0x08000263   Thumb Code     0  startup_stm32f40_41xxx.o(.text)
    PVD_IRQHandler                           0x08000263   Thumb Code     0  startup_stm32f40_41xxx.o(.text)
    RCC_IRQHandler                           0x08000263   Thumb Code     0  startup_stm32f40_41xxx.o(.text)
    RTC_Alarm_IRQHandler                     0x08000263   Thumb Code     0  startup_stm32f40_41xxx.o(.text)
    RTC_WKUP_IRQHandler                      0x08000263   Thumb Code     0  startup_stm32f40_41xxx.o(.text)
    SDIO_IRQHandler                          0x08000263   Thumb Code     0  startup_stm32f40_41xxx.o(.text)
    SPI1_IRQHandler                          0x08000263   Thumb Code     0  startup_stm32f40_41xxx.o(.text)
    SPI2_IRQHandler                          0x08000263   Thumb Code     0  startup_stm32f40_41xxx.o(.text)
    SPI3_IRQHandler                          0x08000263   Thumb Code     0  startup_stm32f40_41xxx.o(.text)
    TAMP_STAMP_IRQHandler                    0x08000263   Thumb Code     0  startup_stm32f40_41xxx.o(.text)
    TIM1_BRK_TIM9_IRQHandler                 0x08000263   Thumb Code     0  startup_stm32f40_41xxx.o(.text)
    TIM1_CC_IRQHandler                       0x08000263   Thumb Code     0  startup_stm32f40_41xxx.o(.text)
    TIM1_TRG_COM_TIM11_IRQHandler            0x08000263   Thumb Code     0  startup_stm32f40_41xxx.o(.text)
    TIM1_UP_TIM10_IRQHandler                 0x08000263   Thumb Code     0  startup_stm32f40_41xxx.o(.text)
    TIM2_IRQHandler                          0x08000263   Thumb Code     0  startup_stm32f40_41xxx.o(.text)
    TIM3_IRQHandler                          0x08000263   Thumb Code     0  startup_stm32f40_41xxx.o(.text)
    TIM5_IRQHandler                          0x08000263   Thumb Code     0  startup_stm32f40_41xxx.o(.text)
    TIM6_DAC_IRQHandler                      0x08000263   Thumb Code     0  startup_stm32f40_41xxx.o(.text)
    TIM7_IRQHandler                          0x08000263   Thumb Code     0  startup_stm32f40_41xxx.o(.text)
    TIM8_BRK_TIM12_IRQHandler                0x08000263   Thumb Code     0  startup_stm32f40_41xxx.o(.text)
    TIM8_CC_IRQHandler                       0x08000263   Thumb Code     0  startup_stm32f40_41xxx.o(.text)
    TIM8_TRG_COM_TIM14_IRQHandler            0x08000263   Thumb Code     0  startup_stm32f40_41xxx.o(.text)
    TIM8_UP_TIM13_IRQHandler                 0x08000263   Thumb Code     0  startup_stm32f40_41xxx.o(.text)
    UART4_IRQHandler                         0x08000263   Thumb Code     0  startup_stm32f40_41xxx.o(.text)
    UART5_IRQHandler                         0x08000263   Thumb Code     0  startup_stm32f40_41xxx.o(.text)
    USART2_IRQHandler                        0x08000263   Thumb Code     0  startup_stm32f40_41xxx.o(.text)
    USART3_IRQHandler                        0x08000263   Thumb Code     0  startup_stm32f40_41xxx.o(.text)
    USART6_IRQHandler                        0x08000263   Thumb Code     0  startup_stm32f40_41xxx.o(.text)
    WWDG_IRQHandler                          0x08000263   Thumb Code     0  startup_stm32f40_41xxx.o(.text)
    __user_initial_stackheap                 0x08000265   Thumb Code     0  startup_stm32f40_41xxx.o(.text)
    __use_no_semihosting                     0x08000289   Thumb Code     2  use_no_semi_2.o(.text)
    __aeabi_ldivmod                          0x0800028b   Thumb Code     0  llsdiv.o(.text)
    _ll_sdiv                                 0x0800028b   Thumb Code    72  llsdiv.o(.text)
    __2printf                                0x080002d5   Thumb Code    20  noretval__2printf.o(.text)
    _printf_int_dec                          0x080002ed   Thumb Code   104  _printf_dec.o(.text)
    __printf                                 0x08000365   Thumb Code   270  __printf_wp.o(.text)
    memcmp                                   0x08000473   Thumb Code    88  memcmp.o(.text)
    __aeabi_memset                           0x080004cb   Thumb Code    16  aeabi_memset.o(.text)
    __aeabi_memclr4                          0x080004db   Thumb Code     0  rt_memclr_w.o(.text)
    __aeabi_memclr8                          0x080004db   Thumb Code     0  rt_memclr_w.o(.text)
    __rt_memclr_w                            0x080004db   Thumb Code    78  rt_memclr_w.o(.text)
    _memset_w                                0x080004df   Thumb Code     0  rt_memclr_w.o(.text)
    __use_two_region_memory                  0x08000529   Thumb Code     2  heapauxi.o(.text)
    __rt_heap_escrow$2region                 0x0800052b   Thumb Code     2  heapauxi.o(.text)
    __rt_heap_expand$2region                 0x0800052d   Thumb Code     2  heapauxi.o(.text)
    __I$use$semihosting                      0x0800052f   Thumb Code     0  use_no_semi.o(.text)
    __use_no_semihosting_swi                 0x0800052f   Thumb Code     2  use_no_semi.o(.text)
    __aeabi_uldivmod                         0x08000531   Thumb Code     0  lludivv7m.o(.text)
    _ll_udiv                                 0x08000531   Thumb Code   238  lludivv7m.o(.text)
    __read_errno                             0x0800061f   Thumb Code    10  _rserrno.o(.text)
    __set_errno                              0x08000629   Thumb Code    12  _rserrno.o(.text)
    _printf_int_common                       0x08000635   Thumb Code   178  _printf_intcommon.o(.text)
    __lib_sel_fp_printf                      0x080006e7   Thumb Code     2  _printf_fp_dec.o(.text)
    _printf_fp_dec_real                      0x08000895   Thumb Code   620  _printf_fp_dec.o(.text)
    _printf_char_file                        0x08000b01   Thumb Code    32  _printf_char_file.o(.text)
    __aeabi_memclr                           0x08000b25   Thumb Code     0  rt_memclr.o(.text)
    __rt_memclr                              0x08000b25   Thumb Code    68  rt_memclr.o(.text)
    _memset                                  0x08000b29   Thumb Code     0  rt_memclr.o(.text)
    __rt_locale                              0x08000b69   Thumb Code     8  rt_locale_intlibspace.o(.text)
    __aeabi_errno_addr                       0x08000b71   Thumb Code     8  rt_errno_addr_intlibspace.o(.text)
    __errno$intlibspace                      0x08000b71   Thumb Code     0  rt_errno_addr_intlibspace.o(.text)
    __rt_errno_addr$intlibspace              0x08000b71   Thumb Code     0  rt_errno_addr_intlibspace.o(.text)
    _ll_udiv10                               0x08000b79   Thumb Code   138  lludiv10.o(.text)
    _printf_char_common                      0x08000c0f   Thumb Code    32  _printf_char_common.o(.text)
    _printf_fp_infnan                        0x08000c35   Thumb Code   112  _printf_fp_infnan.o(.text)
    _btod_etento                             0x08000cb5   Thumb Code   216  bigflt0.o(.text)
    ferror                                   0x08000d91   Thumb Code     8  ferror.o(.text)
    __user_libspace                          0x08000d99   Thumb Code     8  libspace.o(.text)
    __user_perproc_libspace                  0x08000d99   Thumb Code     0  libspace.o(.text)
    __user_perthread_libspace                0x08000d99   Thumb Code     0  libspace.o(.text)
    __user_setup_stackheap                   0x08000da1   Thumb Code    74  sys_stackheap_outer.o(.text)
    exit                                     0x08000deb   Thumb Code    12  exit.o(.text)
    strcmp                                   0x08000df9   Thumb Code   128  strcmpv7m.o(.text)
    _btod_d2e                                0x08000e79   Thumb Code    62  btod.o(CL$$btod_d2e)
    _d2e_denorm_low                          0x08000eb7   Thumb Code    70  btod.o(CL$$btod_d2e_denorm_low)
    _d2e_norm_op1                            0x08000efd   Thumb Code    96  btod.o(CL$$btod_d2e_norm_op1)
    __btod_div_common                        0x08000f5d   Thumb Code   696  btod.o(CL$$btod_div_common)
    _e2e                                     0x08001295   Thumb Code   198  btod.o(CL$$btod_e2e)
    _btod_ediv                               0x0800135b   Thumb Code    40  btod.o(CL$$btod_ediv)
    _btod_emul                               0x08001383   Thumb Code    40  btod.o(CL$$btod_emul)
    __btod_mult_common                       0x080013ab   Thumb Code   580  btod.o(CL$$btod_mult_common)
    BusFault_Handler                         0x080015ef   Thumb Code     4  stm32f4xx_it.o(i.BusFault_Handler)
    DebugMon_Handler                         0x080015f3   Thumb Code     2  stm32f4xx_it.o(i.DebugMon_Handler)
    GPIO_Init                                0x080015f5   Thumb Code   144  stm32f4xx_gpio.o(i.GPIO_Init)
    GPIO_PinAFConfig                         0x08001685   Thumb Code    70  stm32f4xx_gpio.o(i.GPIO_PinAFConfig)
    HardFault_Handler                        0x080016cb   Thumb Code     4  stm32f4xx_it.o(i.HardFault_Handler)
    IIC_Ack                                  0x080016d1   Thumb Code    66  myiic.o(i.IIC_Ack)
    IIC_Init                                 0x08001721   Thumb Code    62  myiic.o(i.IIC_Init)
    IIC_NAck                                 0x0800176d   Thumb Code    66  myiic.o(i.IIC_NAck)
    IIC_Read_Byte                            0x080017bd   Thumb Code    82  myiic.o(i.IIC_Read_Byte)
    IIC_Send_Byte                            0x0800181d   Thumb Code    90  myiic.o(i.IIC_Send_Byte)
    IIC_Start                                0x08001885   Thumb Code    64  myiic.o(i.IIC_Start)
    IIC_Stop                                 0x080018d1   Thumb Code    62  myiic.o(i.IIC_Stop)
    IIC_Wait_Ack                             0x0800191d   Thumb Code    82  myiic.o(i.IIC_Wait_Ack)
    MemManage_Handler                        0x0800197d   Thumb Code     4  stm32f4xx_it.o(i.MemManage_Handler)
    NMI_Handler                              0x08001981   Thumb Code     2  stm32f4xx_it.o(i.NMI_Handler)
    NVIC_Init                                0x08001985   Thumb Code   106  misc.o(i.NVIC_Init)
    NVIC_PriorityGroupConfig                 0x080019fd   Thumb Code    10  misc.o(i.NVIC_PriorityGroupConfig)
    NVIC_init                                0x08001a11   Thumb Code    62  nvic.o(i.NVIC_init)
    PendSV_Handler                           0x08001a4f   Thumb Code     2  stm32f4xx_it.o(i.PendSV_Handler)
    RCC_AHB1PeriphClockCmd                   0x08001a51   Thumb Code    26  stm32f4xx_rcc.o(i.RCC_AHB1PeriphClockCmd)
    RCC_APB1PeriphClockCmd                   0x08001a71   Thumb Code    26  stm32f4xx_rcc.o(i.RCC_APB1PeriphClockCmd)
    RCC_APB2PeriphClockCmd                   0x08001a91   Thumb Code    26  stm32f4xx_rcc.o(i.RCC_APB2PeriphClockCmd)
    RCC_GetClocksFreq                        0x08001ab1   Thumb Code   214  stm32f4xx_rcc.o(i.RCC_GetClocksFreq)
    SVC_Handler                              0x08001b99   Thumb Code     2  stm32f4xx_it.o(i.SVC_Handler)
    SysTick_CLKSourceConfig                  0x08001c89   Thumb Code    40  misc.o(i.SysTick_CLKSourceConfig)
    SysTick_Handler                          0x08001cb1   Thumb Code     2  stm32f4xx_it.o(i.SysTick_Handler)
    SystemInit                               0x08001cb5   Thumb Code    88  system_stm32f4xx.o(i.SystemInit)
    TIM4_IRQHandler                          0x08001d1d   Thumb Code   106  main.o(i.TIM4_IRQHandler)
    TIM_ClearITPendingBit                    0x08001d9d   Thumb Code     6  stm32f4xx_tim.o(i.TIM_ClearITPendingBit)
    TIM_Cmd                                  0x08001da3   Thumb Code    24  stm32f4xx_tim.o(i.TIM_Cmd)
    TIM_GetITStatus                          0x08001dbb   Thumb Code    34  stm32f4xx_tim.o(i.TIM_GetITStatus)
    TIM_ITConfig                             0x08001ddd   Thumb Code    18  stm32f4xx_tim.o(i.TIM_ITConfig)
    TIM_TimeBaseInit                         0x08001df1   Thumb Code   104  stm32f4xx_tim.o(i.TIM_TimeBaseInit)
    USART1_IRQHandler                        0x08001e75   Thumb Code   122  usart.o(i.USART1_IRQHandler)
    USART_Cmd                                0x08001efd   Thumb Code    24  stm32f4xx_usart.o(i.USART_Cmd)
    USART_GetITStatus                        0x08001f15   Thumb Code    84  stm32f4xx_usart.o(i.USART_GetITStatus)
    USART_ITConfig                           0x08001f69   Thumb Code    74  stm32f4xx_usart.o(i.USART_ITConfig)
    USART_Init                               0x08001fb5   Thumb Code   204  stm32f4xx_usart.o(i.USART_Init)
    USART_ReceiveData                        0x08002089   Thumb Code    10  stm32f4xx_usart.o(i.USART_ReceiveData)
    UsageFault_Handler                       0x08002093   Thumb Code     4  stm32f4xx_it.o(i.UsageFault_Handler)
    __ARM_fpclassify                         0x08002097   Thumb Code    48  fpclassify.o(i.__ARM_fpclassify)
    __hardfp_asin                            0x080020c9   Thumb Code   770  asin.o(i.__hardfp_asin)
    __hardfp_atan                            0x08002429   Thumb Code   622  atan.o(i.__hardfp_atan)
    __hardfp_atan2                           0x08002701   Thumb Code   432  atan2.o(i.__hardfp_atan2)
    __kernel_poly                            0x080028f1   Thumb Code   248  poly.o(i.__kernel_poly)
    __mathlib_dbl_infnan                     0x080029e9   Thumb Code    20  dunder.o(i.__mathlib_dbl_infnan)
    __mathlib_dbl_infnan2                    0x080029fd   Thumb Code    20  dunder.o(i.__mathlib_dbl_infnan2)
    __mathlib_dbl_invalid                    0x08002a11   Thumb Code    24  dunder.o(i.__mathlib_dbl_invalid)
    __mathlib_dbl_underflow                  0x08002a31   Thumb Code    24  dunder.o(i.__mathlib_dbl_underflow)
    _is_digit                                0x08002a51   Thumb Code    14  __printf_wp.o(i._is_digit)
    _sys_exit                                0x08002a5f   Thumb Code     6  usart.o(i._sys_exit)
    atan                                     0x08002a65   Thumb Code    16  atan.o(i.atan)
    delay_init                               0x08002ad9   Thumb Code    52  delay.o(i.delay_init)
    delay_ms                                 0x08002b15   Thumb Code    56  delay.o(i.delay_ms)
    delay_us                                 0x08002b4d   Thumb Code    72  delay.o(i.delay_us)
    delay_xms                                0x08002b99   Thumb Code    72  delay.o(i.delay_xms)
    dmp_enable_6x_lp_quat                    0x08002be5   Thumb Code    60  inv_mpu_dmp_motion_driver.o(i.dmp_enable_6x_lp_quat)
    dmp_enable_feature                       0x08002c21   Thumb Code   530  inv_mpu_dmp_motion_driver.o(i.dmp_enable_feature)
    dmp_enable_gyro_cal                      0x08002e3d   Thumb Code    62  inv_mpu_dmp_motion_driver.o(i.dmp_enable_gyro_cal)
    dmp_enable_lp_quat                       0x08002e95   Thumb Code    60  inv_mpu_dmp_motion_driver.o(i.dmp_enable_lp_quat)
    dmp_load_motion_driver_firmware          0x08002ed1   Thumb Code    20  inv_mpu_dmp_motion_driver.o(i.dmp_load_motion_driver_firmware)
    dmp_read_fifo                            0x08002ee9   Thumb Code   450  inv_mpu_dmp_motion_driver.o(i.dmp_read_fifo)
    dmp_set_accel_bias                       0x080030b1   Thumb Code   300  inv_mpu_dmp_motion_driver.o(i.dmp_set_accel_bias)
    dmp_set_fifo_rate                        0x080031e1   Thumb Code    96  inv_mpu_dmp_motion_driver.o(i.dmp_set_fifo_rate)
    dmp_set_gyro_bias                        0x08003251   Thumb Code   294  inv_mpu_dmp_motion_driver.o(i.dmp_set_gyro_bias)
    dmp_set_orientation                      0x08003381   Thumb Code   290  inv_mpu_dmp_motion_driver.o(i.dmp_set_orientation)
    dmp_set_shake_reject_thresh              0x080034b9   Thumb Code    56  inv_mpu_dmp_motion_driver.o(i.dmp_set_shake_reject_thresh)
    dmp_set_shake_reject_time                0x080034f1   Thumb Code    38  inv_mpu_dmp_motion_driver.o(i.dmp_set_shake_reject_time)
    dmp_set_shake_reject_timeout             0x08003517   Thumb Code    38  inv_mpu_dmp_motion_driver.o(i.dmp_set_shake_reject_timeout)
    dmp_set_tap_axes                         0x0800353d   Thumb Code    70  inv_mpu_dmp_motion_driver.o(i.dmp_set_tap_axes)
    dmp_set_tap_count                        0x08003583   Thumb Code    38  inv_mpu_dmp_motion_driver.o(i.dmp_set_tap_count)
    dmp_set_tap_thresh                       0x080035a9   Thumb Code   412  inv_mpu_dmp_motion_driver.o(i.dmp_set_tap_thresh)
    dmp_set_tap_time                         0x08003769   Thumb Code    38  inv_mpu_dmp_motion_driver.o(i.dmp_set_tap_time)
    dmp_set_tap_time_multi                   0x0800378f   Thumb Code    38  inv_mpu_dmp_motion_driver.o(i.dmp_set_tap_time_multi)
    fabs                                     0x080037b5   Thumb Code    24  fabs.o(i.fabs)
    fputc                                    0x080037cd   Thumb Code    22  usart.o(i.fputc)
    i2cReadBuffer                            0x08003c59   Thumb Code   116  myiic.o(i.i2cReadBuffer)
    i2cWriteBuffer                           0x08003ccd   Thumb Code    94  myiic.o(i.i2cWriteBuffer)
    i2cread                                  0x08003d2b   Thumb Code    36  myiic.o(i.i2cread)
    i2cwrite                                 0x08003d4f   Thumb Code    36  myiic.o(i.i2cwrite)
    inv_orientation_matrix_to_scalar         0x08003d73   Thumb Code    40  mpu9250.o(i.inv_orientation_matrix_to_scalar)
    inv_row_2_scale                          0x08003d9b   Thumb Code    78  mpu9250.o(i.inv_row_2_scale)
    main                                     0x08003de9   Thumb Code  1822  main.o(i.main)
    mpu_configure_fifo                       0x0800455d   Thumb Code   106  inv_mpu.o(i.mpu_configure_fifo)
    mpu_get_accel_fsr                        0x080045cd   Thumb Code    72  inv_mpu.o(i.mpu_get_accel_fsr)
    mpu_get_accel_sens                       0x08004619   Thumb Code    78  inv_mpu.o(i.mpu_get_accel_sens)
    mpu_get_fifo_config                      0x0800466d   Thumb Code    12  inv_mpu.o(i.mpu_get_fifo_config)
    mpu_get_gyro_fsr                         0x0800467d   Thumb Code    64  inv_mpu.o(i.mpu_get_gyro_fsr)
    mpu_get_gyro_sens                        0x080046c1   Thumb Code    74  inv_mpu.o(i.mpu_get_gyro_sens)
    mpu_get_lpf                              0x08004721   Thumb Code    74  inv_mpu.o(i.mpu_get_lpf)
    mpu_get_sample_rate                      0x08004771   Thumb Code    26  inv_mpu.o(i.mpu_get_sample_rate)
    mpu_init                                 0x08004791   Thumb Code   250  inv_mpu.o(i.mpu_init)
    mpu_load_firmware                        0x08004891   Thumb Code   180  inv_mpu.o(i.mpu_load_firmware)
    mpu_lp_accel_mode                        0x08004949   Thumb Code   252  inv_mpu.o(i.mpu_lp_accel_mode)
    mpu_read_fifo_stream                     0x08004a49   Thumb Code   186  inv_mpu.o(i.mpu_read_fifo_stream)
    mpu_read_mem                             0x08004b09   Thumb Code   122  inv_mpu.o(i.mpu_read_mem)
    mpu_reset_fifo                           0x08004b89   Thumb Code   450  inv_mpu.o(i.mpu_reset_fifo)
    mpu_run_self_test                        0x08004d51   Thumb Code   168  inv_mpu.o(i.mpu_run_self_test)
    mpu_set_accel_fsr                        0x08004dfd   Thumb Code   126  inv_mpu.o(i.mpu_set_accel_fsr)
    mpu_set_bypass                           0x08004e81   Thumb Code   328  inv_mpu.o(i.mpu_set_bypass)
    mpu_set_compass_sample_rate              0x08004fcd   Thumb Code    92  inv_mpu.o(i.mpu_set_compass_sample_rate)
    mpu_set_dmp_state                        0x0800502d   Thumb Code   138  inv_mpu.o(i.mpu_set_dmp_state)
    mpu_set_gyro_fsr                         0x080050bd   Thumb Code   132  inv_mpu.o(i.mpu_set_gyro_fsr)
    mpu_set_int_latched                      0x08005145   Thumb Code   102  inv_mpu.o(i.mpu_set_int_latched)
    mpu_set_lpf                              0x080051b1   Thumb Code   126  inv_mpu.o(i.mpu_set_lpf)
    mpu_set_sample_rate                      0x08005235   Thumb Code   174  inv_mpu.o(i.mpu_set_sample_rate)
    mpu_set_sensors                          0x080052e9   Thumb Code   354  inv_mpu.o(i.mpu_set_sensors)
    mpu_write_mem                            0x08005451   Thumb Code   122  inv_mpu.o(i.mpu_write_mem)
    run_self_test                            0x080054d1   Thumb Code   162  mpu9250.o(i.run_self_test)
    sqrt                                     0x08005899   Thumb Code   110  sqrt.o(i.sqrt)
    timer_init                               0x08005909   Thumb Code    60  tim.o(i.timer_init)
    uart_init                                0x08005949   Thumb Code   134  usart.o(i.uart_init)
    _get_lc_numeric                          0x080059d9   Thumb Code    44  lc_numeric_c.o(locale$$code)
    __aeabi_dneg                             0x08005a05   Thumb Code     0  basic.o(x$fpl$basic)
    _dneg                                    0x08005a05   Thumb Code     6  basic.o(x$fpl$basic)
    __aeabi_fneg                             0x08005a0b   Thumb Code     0  basic.o(x$fpl$basic)
    _fneg                                    0x08005a0b   Thumb Code     6  basic.o(x$fpl$basic)
    _dabs                                    0x08005a11   Thumb Code     6  basic.o(x$fpl$basic)
    _fabs                                    0x08005a17   Thumb Code     6  basic.o(x$fpl$basic)
    __aeabi_d2f                              0x08005a1d   Thumb Code     0  d2f.o(x$fpl$d2f)
    _d2f                                     0x08005a1d   Thumb Code    98  d2f.o(x$fpl$d2f)
    __aeabi_dadd                             0x08005a81   Thumb Code     0  daddsub_clz.o(x$fpl$dadd)
    _dadd                                    0x08005a81   Thumb Code   332  daddsub_clz.o(x$fpl$dadd)
    __aeabi_ddiv                             0x08005bd1   Thumb Code     0  ddiv.o(x$fpl$ddiv)
    _ddiv                                    0x08005bd1   Thumb Code   552  ddiv.o(x$fpl$ddiv)
    __aeabi_dmul                             0x08005e81   Thumb Code     0  dmul.o(x$fpl$dmul)
    _dmul                                    0x08005e81   Thumb Code   332  dmul.o(x$fpl$dmul)
    __fpl_dnaninf                            0x08005fd5   Thumb Code   156  dnaninf.o(x$fpl$dnaninf)
    __fpl_dretinf                            0x08006071   Thumb Code    12  dretinf.o(x$fpl$dretinf)
    __aeabi_drsub                            0x0800607d   Thumb Code     0  daddsub_clz.o(x$fpl$drsb)
    _drsb                                    0x0800607d   Thumb Code    22  daddsub_clz.o(x$fpl$drsb)
    _dsqrt                                   0x08006095   Thumb Code   404  dsqrt_umaal.o(x$fpl$dsqrt)
    __aeabi_dsub                             0x0800622d   Thumb Code     0  daddsub_clz.o(x$fpl$dsub)
    _dsub                                    0x0800622d   Thumb Code   464  daddsub_clz.o(x$fpl$dsub)
    __aeabi_f2d                              0x08006401   Thumb Code     0  f2d.o(x$fpl$f2d)
    _f2d                                     0x08006401   Thumb Code    86  f2d.o(x$fpl$f2d)
    __fpl_fnaninf                            0x08006457   Thumb Code   140  fnaninf.o(x$fpl$fnaninf)
    _fp_init                                 0x080064e3   Thumb Code    10  fpinit.o(x$fpl$fpinit)
    __fplib_config_fpu_vfp                   0x080064eb   Thumb Code     0  fpinit.o(x$fpl$fpinit)
    __fplib_config_pureend_doubles           0x080064eb   Thumb Code     0  fpinit.o(x$fpl$fpinit)
    __fpl_fretinf                            0x080064ed   Thumb Code    10  fretinf.o(x$fpl$fretinf)
    _printf_fp_dec                           0x080064f7   Thumb Code     4  printf1.o(x$fpl$printf1)
    __I$use$fp                               0x080064fa   Number         0  usenofp.o(x$fpl$usenofp)
    reg                                      0x080064fc   Data          39  inv_mpu.o(.constdata)
    hw                                       0x08006524   Data          16  inv_mpu.o(.constdata)
    test                                     0x08006534   Data          40  inv_mpu.o(.constdata)
    __mathlib_zero                           0x08007240   Data           8  qnan.o(.constdata)
    Region$$Table$$Base                      0x080072dc   Number         0  anon$$obj.o(Region$$Table)
    Region$$Table$$Limit                     0x080072fc   Number         0  anon$$obj.o(Region$$Table)
    __stdout                                 0x2000004c   Data           4  usart.o(.data)
    USART_RX_STA                             0x20000050   Data           2  usart.o(.data)
    q0                                       0x20000054   Data           4  main.o(.data)
    q1                                       0x20000058   Data           4  main.o(.data)
    q2                                       0x2000005c   Data           4  main.o(.data)
    q3                                       0x20000060   Data           4  main.o(.data)
    show_tab                                 0x20000064   Data          11  main.o(.data)
    Pitch                                    0x20000070   Data           4  main.o(.data)
    Roll                                     0x20000074   Data           4  main.o(.data)
    Yaw                                      0x20000078   Data           4  main.o(.data)
    temp                                     0x2000007c   Data           4  main.o(.data)
    ms_10                                    0x20000080   Data           1  main.o(.data)
    ms_100                                   0x20000081   Data           1  main.o(.data)
    sec                                      0x20000082   Data           1  main.o(.data)
    min                                      0x20000083   Data           1  main.o(.data)
    second                                   0x20000084   Data           4  main.o(.data)
    sensor_timestamp                         0x20000094   Data           4  main.o(.data)
    gyro                                     0x20000098   Data           6  main.o(.data)
    accel                                    0x2000009e   Data           6  main.o(.data)
    sensors                                  0x200000a4   Data           2  main.o(.data)
    more                                     0x200000a6   Data           1  main.o(.data)
    USART_RX_BUF                             0x200000b8   Data         200  usart.o(.bss)
    quat                                     0x20000190   Data          16  main.o(.bss)
    __libspace_start                         0x200001a0   Data          96  libspace.o(.bss)
    __temporary_stack_top$libspace           0x20000200   Data           0  libspace.o(.bss)



==============================================================================

Memory Map of the image

  Image Entry point : 0x08000189

  Load Region LR_IROM1 (Base: 0x08000000, Size: 0x000073c0, Max: 0x00100000, ABSOLUTE)

    Execution Region ER_IROM1 (Base: 0x08000000, Size: 0x00007318, Max: 0x00100000, ABSOLUTE)

    Base Addr    Size         Type   Attr      Idx    E Section Name        Object

    0x08000000   0x00000188   Data   RO            3    RESET               startup_stm32f40_41xxx.o
    0x08000188   0x00000008   Code   RO         2837  * !!!main             c_w.l(__main.o)
    0x08000190   0x00000034   Code   RO         3186    !!!scatter          c_w.l(__scatter.o)
    0x080001c4   0x0000001a   Code   RO         3188    !!handler_copy      c_w.l(__scatter_copy.o)
    0x080001de   0x00000002   PAD
    0x080001e0   0x0000001c   Code   RO         3190    !!handler_zi        c_w.l(__scatter_zi.o)
    0x080001fc   0x00000000   Code   RO         2828    .ARM.Collect$$_printf_percent$$00000000  c_w.l(_printf_percent.o)
    0x080001fc   0x00000006   Code   RO         2827    .ARM.Collect$$_printf_percent$$00000003  c_w.l(_printf_f.o)
    0x08000202   0x00000006   Code   RO         2826    .ARM.Collect$$_printf_percent$$00000009  c_w.l(_printf_d.o)
    0x08000208   0x00000004   Code   RO         2902    .ARM.Collect$$_printf_percent$$00000017  c_w.l(_printf_percent_end.o)
    0x0800020c   0x00000002   Code   RO         3058    .ARM.Collect$$libinit$$00000000  c_w.l(libinit.o)
    0x0800020e   0x00000004   Code   RO         3059    .ARM.Collect$$libinit$$00000001  c_w.l(libinit2.o)
    0x08000212   0x00000000   Code   RO         3062    .ARM.Collect$$libinit$$00000004  c_w.l(libinit2.o)
    0x08000212   0x00000000   Code   RO         3065    .ARM.Collect$$libinit$$0000000A  c_w.l(libinit2.o)
    0x08000212   0x00000000   Code   RO         3067    .ARM.Collect$$libinit$$0000000C  c_w.l(libinit2.o)
    0x08000212   0x00000000   Code   RO         3069    .ARM.Collect$$libinit$$0000000E  c_w.l(libinit2.o)
    0x08000212   0x00000006   Code   RO         3070    .ARM.Collect$$libinit$$0000000F  c_w.l(libinit2.o)
    0x08000218   0x00000000   Code   RO         3072    .ARM.Collect$$libinit$$00000011  c_w.l(libinit2.o)
    0x08000218   0x00000000   Code   RO         3074    .ARM.Collect$$libinit$$00000013  c_w.l(libinit2.o)
    0x08000218   0x00000000   Code   RO         3076    .ARM.Collect$$libinit$$00000015  c_w.l(libinit2.o)
    0x08000218   0x0000000a   Code   RO         3077    .ARM.Collect$$libinit$$00000016  c_w.l(libinit2.o)
    0x08000222   0x00000000   Code   RO         3078    .ARM.Collect$$libinit$$00000017  c_w.l(libinit2.o)
    0x08000222   0x00000000   Code   RO         3080    .ARM.Collect$$libinit$$00000019  c_w.l(libinit2.o)
    0x08000222   0x00000000   Code   RO         3082    .ARM.Collect$$libinit$$0000001B  c_w.l(libinit2.o)
    0x08000222   0x00000000   Code   RO         3084    .ARM.Collect$$libinit$$0000001D  c_w.l(libinit2.o)
    0x08000222   0x00000000   Code   RO         3086    .ARM.Collect$$libinit$$0000001F  c_w.l(libinit2.o)
    0x08000222   0x00000000   Code   RO         3088    .ARM.Collect$$libinit$$00000021  c_w.l(libinit2.o)
    0x08000222   0x00000000   Code   RO         3090    .ARM.Collect$$libinit$$00000023  c_w.l(libinit2.o)
    0x08000222   0x00000000   Code   RO         3092    .ARM.Collect$$libinit$$00000025  c_w.l(libinit2.o)
    0x08000222   0x00000000   Code   RO         3096    .ARM.Collect$$libinit$$0000002C  c_w.l(libinit2.o)
    0x08000222   0x00000000   Code   RO         3098    .ARM.Collect$$libinit$$0000002E  c_w.l(libinit2.o)
    0x08000222   0x00000000   Code   RO         3100    .ARM.Collect$$libinit$$00000030  c_w.l(libinit2.o)
    0x08000222   0x00000000   Code   RO         3102    .ARM.Collect$$libinit$$00000032  c_w.l(libinit2.o)
    0x08000222   0x00000002   Code   RO         3103    .ARM.Collect$$libinit$$00000033  c_w.l(libinit2.o)
    0x08000224   0x00000002   Code   RO         3147    .ARM.Collect$$libshutdown$$00000000  c_w.l(libshutdown.o)
    0x08000226   0x00000000   Code   RO         3157    .ARM.Collect$$libshutdown$$00000003  c_w.l(libshutdown2.o)
    0x08000226   0x00000000   Code   RO         3160    .ARM.Collect$$libshutdown$$00000006  c_w.l(libshutdown2.o)
    0x08000226   0x00000000   Code   RO         3163    .ARM.Collect$$libshutdown$$00000009  c_w.l(libshutdown2.o)
    0x08000226   0x00000000   Code   RO         3165    .ARM.Collect$$libshutdown$$0000000B  c_w.l(libshutdown2.o)
    0x08000226   0x00000000   Code   RO         3168    .ARM.Collect$$libshutdown$$0000000E  c_w.l(libshutdown2.o)
    0x08000226   0x00000002   Code   RO         3169    .ARM.Collect$$libshutdown$$0000000F  c_w.l(libshutdown2.o)
    0x08000228   0x00000000   Code   RO         2891    .ARM.Collect$$rtentry$$00000000  c_w.l(__rtentry.o)
    0x08000228   0x00000000   Code   RO         2968    .ARM.Collect$$rtentry$$00000002  c_w.l(__rtentry2.o)
    0x08000228   0x00000006   Code   RO         2980    .ARM.Collect$$rtentry$$00000004  c_w.l(__rtentry4.o)
    0x0800022e   0x00000000   Code   RO         2970    .ARM.Collect$$rtentry$$00000009  c_w.l(__rtentry2.o)
    0x0800022e   0x00000004   Code   RO         2971    .ARM.Collect$$rtentry$$0000000A  c_w.l(__rtentry2.o)
    0x08000232   0x00000000   Code   RO         2973    .ARM.Collect$$rtentry$$0000000C  c_w.l(__rtentry2.o)
    0x08000232   0x00000008   Code   RO         2974    .ARM.Collect$$rtentry$$0000000D  c_w.l(__rtentry2.o)
    0x0800023a   0x00000002   Code   RO         3106    .ARM.Collect$$rtexit$$00000000  c_w.l(rtexit.o)
    0x0800023c   0x00000000   Code   RO         3117    .ARM.Collect$$rtexit$$00000002  c_w.l(rtexit2.o)
    0x0800023c   0x00000004   Code   RO         3118    .ARM.Collect$$rtexit$$00000003  c_w.l(rtexit2.o)
    0x08000240   0x00000006   Code   RO         3119    .ARM.Collect$$rtexit$$00000004  c_w.l(rtexit2.o)
    0x08000246   0x00000002   PAD
    0x08000248   0x00000040   Code   RO            4    .text               startup_stm32f40_41xxx.o
    0x08000288   0x00000002   Code   RO         2794    .text               c_w.l(use_no_semi_2.o)
    0x0800028a   0x00000048   Code   RO         2796    .text               c_w.l(llsdiv.o)
    0x080002d2   0x00000002   PAD
    0x080002d4   0x00000018   Code   RO         2800    .text               c_w.l(noretval__2printf.o)
    0x080002ec   0x00000078   Code   RO         2804    .text               c_w.l(_printf_dec.o)
    0x08000364   0x0000010e   Code   RO         2814    .text               c_w.l(__printf_wp.o)
    0x08000472   0x00000058   Code   RO         2829    .text               c_w.l(memcmp.o)
    0x080004ca   0x00000010   Code   RO         2831    .text               c_w.l(aeabi_memset.o)
    0x080004da   0x0000004e   Code   RO         2833    .text               c_w.l(rt_memclr_w.o)
    0x08000528   0x00000006   Code   RO         2835    .text               c_w.l(heapauxi.o)
    0x0800052e   0x00000002   Code   RO         2889    .text               c_w.l(use_no_semi.o)
    0x08000530   0x000000ee   Code   RO         2892    .text               c_w.l(lludivv7m.o)
    0x0800061e   0x00000016   Code   RO         2894    .text               c_w.l(_rserrno.o)
    0x08000634   0x000000b2   Code   RO         2896    .text               c_w.l(_printf_intcommon.o)
    0x080006e6   0x0000041a   Code   RO         2898    .text               c_w.l(_printf_fp_dec.o)
    0x08000b00   0x00000024   Code   RO         2900    .text               c_w.l(_printf_char_file.o)
    0x08000b24   0x00000044   Code   RO         2903    .text               c_w.l(rt_memclr.o)
    0x08000b68   0x00000008   Code   RO         2989    .text               c_w.l(rt_locale_intlibspace.o)
    0x08000b70   0x00000008   Code   RO         2994    .text               c_w.l(rt_errno_addr_intlibspace.o)
    0x08000b78   0x0000008a   Code   RO         2996    .text               c_w.l(lludiv10.o)
    0x08000c02   0x00000002   PAD
    0x08000c04   0x00000030   Code   RO         2998    .text               c_w.l(_printf_char_common.o)
    0x08000c34   0x00000080   Code   RO         3000    .text               c_w.l(_printf_fp_infnan.o)
    0x08000cb4   0x000000dc   Code   RO         3002    .text               c_w.l(bigflt0.o)
    0x08000d90   0x00000008   Code   RO         3027    .text               c_w.l(ferror.o)
    0x08000d98   0x00000008   Code   RO         3040    .text               c_w.l(libspace.o)
    0x08000da0   0x0000004a   Code   RO         3043    .text               c_w.l(sys_stackheap_outer.o)
    0x08000dea   0x0000000c   Code   RO         3049    .text               c_w.l(exit.o)
    0x08000df6   0x00000002   PAD
    0x08000df8   0x00000080   Code   RO         3051    .text               c_w.l(strcmpv7m.o)
    0x08000e78   0x0000003e   Code   RO         3005    CL$$btod_d2e        c_w.l(btod.o)
    0x08000eb6   0x00000046   Code   RO         3007    CL$$btod_d2e_denorm_low  c_w.l(btod.o)
    0x08000efc   0x00000060   Code   RO         3006    CL$$btod_d2e_norm_op1  c_w.l(btod.o)
    0x08000f5c   0x00000338   Code   RO         3015    CL$$btod_div_common  c_w.l(btod.o)
    0x08001294   0x000000c6   Code   RO         3012    CL$$btod_e2e        c_w.l(btod.o)
    0x0800135a   0x00000028   Code   RO         3009    CL$$btod_ediv       c_w.l(btod.o)
    0x08001382   0x00000028   Code   RO         3008    CL$$btod_emul       c_w.l(btod.o)
    0x080013aa   0x00000244   Code   RO         3014    CL$$btod_mult_common  c_w.l(btod.o)
    0x080015ee   0x00000004   Code   RO         2660    i.BusFault_Handler  stm32f4xx_it.o
    0x080015f2   0x00000002   Code   RO         2661    i.DebugMon_Handler  stm32f4xx_it.o
    0x080015f4   0x00000090   Code   RO          387    i.GPIO_Init         stm32f4xx_gpio.o
    0x08001684   0x00000046   Code   RO          388    i.GPIO_PinAFConfig  stm32f4xx_gpio.o
    0x080016ca   0x00000004   Code   RO         2662    i.HardFault_Handler  stm32f4xx_it.o
    0x080016ce   0x00000002   PAD
    0x080016d0   0x00000050   Code   RO         1772    i.IIC_Ack           myiic.o
    0x08001720   0x0000004c   Code   RO         1773    i.IIC_Init          myiic.o
    0x0800176c   0x00000050   Code   RO         1774    i.IIC_NAck          myiic.o
    0x080017bc   0x00000060   Code   RO         1775    i.IIC_Read_Byte     myiic.o
    0x0800181c   0x00000068   Code   RO         1776    i.IIC_Send_Byte     myiic.o
    0x08001884   0x0000004c   Code   RO         1777    i.IIC_Start         myiic.o
    0x080018d0   0x0000004c   Code   RO         1778    i.IIC_Stop          myiic.o
    0x0800191c   0x00000060   Code   RO         1779    i.IIC_Wait_Ack      myiic.o
    0x0800197c   0x00000004   Code   RO         2663    i.MemManage_Handler  stm32f4xx_it.o
    0x08001980   0x00000002   Code   RO         2664    i.NMI_Handler       stm32f4xx_it.o
    0x08001982   0x00000002   PAD
    0x08001984   0x00000078   Code   RO           12    i.NVIC_Init         misc.o
    0x080019fc   0x00000014   Code   RO           13    i.NVIC_PriorityGroupConfig  misc.o
    0x08001a10   0x0000003e   Code   RO         1746    i.NVIC_init         nvic.o
    0x08001a4e   0x00000002   Code   RO         2665    i.PendSV_Handler    stm32f4xx_it.o
    0x08001a50   0x00000020   Code   RO          606    i.RCC_AHB1PeriphClockCmd  stm32f4xx_rcc.o
    0x08001a70   0x00000020   Code   RO          615    i.RCC_APB1PeriphClockCmd  stm32f4xx_rcc.o
    0x08001a90   0x00000020   Code   RO          618    i.RCC_APB2PeriphClockCmd  stm32f4xx_rcc.o
    0x08001ab0   0x000000e8   Code   RO          627    i.RCC_GetClocksFreq  stm32f4xx_rcc.o
    0x08001b98   0x00000002   Code   RO         2666    i.SVC_Handler       stm32f4xx_it.o
    0x08001b9a   0x00000002   PAD
    0x08001b9c   0x000000ec   Code   RO         2757    i.SetSysClock       system_stm32f4xx.o
    0x08001c88   0x00000028   Code   RO           16    i.SysTick_CLKSourceConfig  misc.o
    0x08001cb0   0x00000002   Code   RO         2667    i.SysTick_Handler   stm32f4xx_it.o
    0x08001cb2   0x00000002   PAD
    0x08001cb4   0x00000068   Code   RO         2759    i.SystemInit        system_stm32f4xx.o
    0x08001d1c   0x00000080   Code   RO         2627    i.TIM4_IRQHandler   main.o
    0x08001d9c   0x00000006   Code   RO         1007    i.TIM_ClearITPendingBit  stm32f4xx_tim.o
    0x08001da2   0x00000018   Code   RO         1012    i.TIM_Cmd           stm32f4xx_tim.o
    0x08001dba   0x00000022   Code   RO         1033    i.TIM_GetITStatus   stm32f4xx_tim.o
    0x08001ddc   0x00000012   Code   RO         1037    i.TIM_ITConfig      stm32f4xx_tim.o
    0x08001dee   0x00000002   PAD
    0x08001df0   0x00000084   Code   RO         1084    i.TIM_TimeBaseInit  stm32f4xx_tim.o
    0x08001e74   0x00000088   Code   RO         2567    i.USART1_IRQHandler  usart.o
    0x08001efc   0x00000018   Code   RO         1562    i.USART_Cmd         stm32f4xx_usart.o
    0x08001f14   0x00000054   Code   RO         1566    i.USART_GetITStatus  stm32f4xx_usart.o
    0x08001f68   0x0000004a   Code   RO         1568    i.USART_ITConfig    stm32f4xx_usart.o
    0x08001fb2   0x00000002   PAD
    0x08001fb4   0x000000d4   Code   RO         1569    i.USART_Init        stm32f4xx_usart.o
    0x08002088   0x0000000a   Code   RO         1576    i.USART_ReceiveData  stm32f4xx_usart.o
    0x08002092   0x00000004   Code   RO         2668    i.UsageFault_Handler  stm32f4xx_it.o
    0x08002096   0x00000030   Code   RO         2950    i.__ARM_fpclassify  m_wm.l(fpclassify.o)
    0x080020c6   0x00000002   PAD
    0x080020c8   0x00000360   Code   RO         2863    i.__hardfp_asin     m_wm.l(asin.o)
    0x08002428   0x000002d8   Code   RO         2916    i.__hardfp_atan     m_wm.l(atan.o)
    0x08002700   0x000001f0   Code   RO         2877    i.__hardfp_atan2    m_wm.l(atan2.o)
    0x080028f0   0x000000f8   Code   RO         2952    i.__kernel_poly     m_wm.l(poly.o)
    0x080029e8   0x00000014   Code   RO         2931    i.__mathlib_dbl_infnan  m_wm.l(dunder.o)
    0x080029fc   0x00000014   Code   RO         2932    i.__mathlib_dbl_infnan2  m_wm.l(dunder.o)
    0x08002a10   0x00000020   Code   RO         2933    i.__mathlib_dbl_invalid  m_wm.l(dunder.o)
    0x08002a30   0x00000020   Code   RO         2936    i.__mathlib_dbl_underflow  m_wm.l(dunder.o)
    0x08002a50   0x0000000e   Code   RO         2816    i._is_digit         c_w.l(__printf_wp.o)
    0x08002a5e   0x00000006   Code   RO         2568    i._sys_exit         usart.o
    0x08002a64   0x00000010   Code   RO         2918    i.atan              m_wm.l(atan.o)
    0x08002a74   0x00000064   Code   RO         2161    i.decode_gesture    inv_mpu_dmp_motion_driver.o
    0x08002ad8   0x0000003c   Code   RO         2502    i.delay_init        delay.o
    0x08002b14   0x00000038   Code   RO         2503    i.delay_ms          delay.o
    0x08002b4c   0x0000004c   Code   RO         2504    i.delay_us          delay.o
    0x08002b98   0x0000004c   Code   RO         2505    i.delay_xms         delay.o
    0x08002be4   0x0000003c   Code   RO         2162    i.dmp_enable_6x_lp_quat  inv_mpu_dmp_motion_driver.o
    0x08002c20   0x0000021c   Code   RO         2163    i.dmp_enable_feature  inv_mpu_dmp_motion_driver.o
    0x08002e3c   0x00000058   Code   RO         2164    i.dmp_enable_gyro_cal  inv_mpu_dmp_motion_driver.o
    0x08002e94   0x0000003c   Code   RO         2165    i.dmp_enable_lp_quat  inv_mpu_dmp_motion_driver.o
    0x08002ed0   0x00000018   Code   RO         2170    i.dmp_load_motion_driver_firmware  inv_mpu_dmp_motion_driver.o
    0x08002ee8   0x000001c8   Code   RO         2171    i.dmp_read_fifo     inv_mpu_dmp_motion_driver.o
    0x080030b0   0x00000130   Code   RO         2174    i.dmp_set_accel_bias  inv_mpu_dmp_motion_driver.o
    0x080031e0   0x00000070   Code   RO         2175    i.dmp_set_fifo_rate  inv_mpu_dmp_motion_driver.o
    0x08003250   0x00000130   Code   RO         2176    i.dmp_set_gyro_bias  inv_mpu_dmp_motion_driver.o
    0x08003380   0x00000138   Code   RO         2178    i.dmp_set_orientation  inv_mpu_dmp_motion_driver.o
    0x080034b8   0x00000038   Code   RO         2181    i.dmp_set_shake_reject_thresh  inv_mpu_dmp_motion_driver.o
    0x080034f0   0x00000026   Code   RO         2182    i.dmp_set_shake_reject_time  inv_mpu_dmp_motion_driver.o
    0x08003516   0x00000026   Code   RO         2183    i.dmp_set_shake_reject_timeout  inv_mpu_dmp_motion_driver.o
    0x0800353c   0x00000046   Code   RO         2184    i.dmp_set_tap_axes  inv_mpu_dmp_motion_driver.o
    0x08003582   0x00000026   Code   RO         2185    i.dmp_set_tap_count  inv_mpu_dmp_motion_driver.o
    0x080035a8   0x000001c0   Code   RO         2186    i.dmp_set_tap_thresh  inv_mpu_dmp_motion_driver.o
    0x08003768   0x00000026   Code   RO         2187    i.dmp_set_tap_time  inv_mpu_dmp_motion_driver.o
    0x0800378e   0x00000026   Code   RO         2188    i.dmp_set_tap_time_multi  inv_mpu_dmp_motion_driver.o
    0x080037b4   0x00000018   Code   RO         2946    i.fabs              m_wm.l(fabs.o)
    0x080037cc   0x0000001c   Code   RO         2569    i.fputc             usart.o
    0x080037e8   0x00000470   Code   RO         1864    i.get_st_biases     inv_mpu.o
    0x08003c58   0x00000074   Code   RO         1780    i.i2cReadBuffer     myiic.o
    0x08003ccc   0x0000005e   Code   RO         1781    i.i2cWriteBuffer    myiic.o
    0x08003d2a   0x00000024   Code   RO         1782    i.i2cread           myiic.o
    0x08003d4e   0x00000024   Code   RO         1783    i.i2cwrite          myiic.o
    0x08003d72   0x00000028   Code   RO         2368    i.inv_orientation_matrix_to_scalar  mpu9250.o
    0x08003d9a   0x0000004e   Code   RO         2369    i.inv_row_2_scale   mpu9250.o
    0x08003de8   0x00000774   Code   RO         2628    i.main              main.o
    0x0800455c   0x00000070   Code   RO         1865    i.mpu_configure_fifo  inv_mpu.o
    0x080045cc   0x0000004c   Code   RO         1866    i.mpu_get_accel_fsr  inv_mpu.o
    0x08004618   0x00000054   Code   RO         1868    i.mpu_get_accel_sens  inv_mpu.o
    0x0800466c   0x00000010   Code   RO         1873    i.mpu_get_fifo_config  inv_mpu.o
    0x0800467c   0x00000044   Code   RO         1874    i.mpu_get_gyro_fsr  inv_mpu.o
    0x080046c0   0x00000060   Code   RO         1876    i.mpu_get_gyro_sens  inv_mpu.o
    0x08004720   0x00000050   Code   RO         1878    i.mpu_get_lpf       inv_mpu.o
    0x08004770   0x00000020   Code   RO         1880    i.mpu_get_sample_rate  inv_mpu.o
    0x08004790   0x00000100   Code   RO         1882    i.mpu_init          inv_mpu.o
    0x08004890   0x000000b8   Code   RO         1883    i.mpu_load_firmware  inv_mpu.o
    0x08004948   0x00000100   Code   RO         1884    i.mpu_lp_accel_mode  inv_mpu.o
    0x08004a48   0x000000c0   Code   RO         1887    i.mpu_read_fifo_stream  inv_mpu.o
    0x08004b08   0x00000080   Code   RO         1888    i.mpu_read_mem      inv_mpu.o
    0x08004b88   0x000001c8   Code   RO         1891    i.mpu_reset_fifo    inv_mpu.o
    0x08004d50   0x000000ac   Code   RO         1892    i.mpu_run_self_test  inv_mpu.o
    0x08004dfc   0x00000084   Code   RO         1894    i.mpu_set_accel_fsr  inv_mpu.o
    0x08004e80   0x0000014c   Code   RO         1895    i.mpu_set_bypass    inv_mpu.o
    0x08004fcc   0x00000060   Code   RO         1896    i.mpu_set_compass_sample_rate  inv_mpu.o
    0x0800502c   0x00000090   Code   RO         1897    i.mpu_set_dmp_state  inv_mpu.o
    0x080050bc   0x00000088   Code   RO         1898    i.mpu_set_gyro_fsr  inv_mpu.o
    0x08005144   0x0000006c   Code   RO         1899    i.mpu_set_int_latched  inv_mpu.o
    0x080051b0   0x00000084   Code   RO         1901    i.mpu_set_lpf       inv_mpu.o
    0x08005234   0x000000b4   Code   RO         1902    i.mpu_set_sample_rate  inv_mpu.o
    0x080052e8   0x00000168   Code   RO         1903    i.mpu_set_sensors   inv_mpu.o
    0x08005450   0x00000080   Code   RO         1904    i.mpu_write_mem     inv_mpu.o
    0x080054d0   0x000000ec   Code   RO         2370    i.run_self_test     mpu9250.o
    0x080055bc   0x00000090   Code   RO         1905    i.set_int_enable    inv_mpu.o
    0x0800564c   0x0000024c   Code   RO         1906    i.setup_compass     inv_mpu.o
    0x08005898   0x0000006e   Code   RO         2957    i.sqrt              m_wm.l(sqrt.o)
    0x08005906   0x00000002   PAD
    0x08005908   0x00000040   Code   RO         2479    i.timer_init        tim.o
    0x08005948   0x00000090   Code   RO         2570    i.uart_init         usart.o
    0x080059d8   0x0000002c   Code   RO         3032    locale$$code        c_w.l(lc_numeric_c.o)
    0x08005a04   0x00000018   Code   RO         2905    x$fpl$basic         fz_wm.l(basic.o)
    0x08005a1c   0x00000062   Code   RO         2839    x$fpl$d2f           fz_wm.l(d2f.o)
    0x08005a7e   0x00000002   PAD
    0x08005a80   0x00000150   Code   RO         2841    x$fpl$dadd          fz_wm.l(daddsub_clz.o)
    0x08005bd0   0x000002b0   Code   RO         2848    x$fpl$ddiv          fz_wm.l(ddiv.o)
    0x08005e80   0x00000154   Code   RO         2857    x$fpl$dmul          fz_wm.l(dmul.o)
    0x08005fd4   0x0000009c   Code   RO         2907    x$fpl$dnaninf       fz_wm.l(dnaninf.o)
    0x08006070   0x0000000c   Code   RO         2909    x$fpl$dretinf       fz_wm.l(dretinf.o)
    0x0800607c   0x00000016   Code   RO         2842    x$fpl$drsb          fz_wm.l(daddsub_clz.o)
    0x08006092   0x00000002   PAD
    0x08006094   0x00000198   Code   RO         3036    x$fpl$dsqrt         fz_wm.l(dsqrt_umaal.o)
    0x0800622c   0x000001d4   Code   RO         2843    x$fpl$dsub          fz_wm.l(daddsub_clz.o)
    0x08006400   0x00000056   Code   RO         2859    x$fpl$f2d           fz_wm.l(f2d.o)
    0x08006456   0x0000008c   Code   RO         2911    x$fpl$fnaninf       fz_wm.l(fnaninf.o)
    0x080064e2   0x0000000a   Code   RO         3114    x$fpl$fpinit        fz_wm.l(fpinit.o)
    0x080064ec   0x0000000a   Code   RO         2913    x$fpl$fretinf       fz_wm.l(fretinf.o)
    0x080064f6   0x00000004   Code   RO         2861    x$fpl$printf1       fz_wm.l(printf1.o)
    0x080064fa   0x00000000   Code   RO         2915    x$fpl$usenofp       fz_wm.l(usenofp.o)
    0x080064fa   0x00000002   PAD
    0x080064fc   0x00000060   Data   RO         1907    .constdata          inv_mpu.o
    0x0800655c   0x00000bf6   Data   RO         2190    .constdata          inv_mpu_dmp_motion_driver.o
    0x08007152   0x00000006   PAD
    0x08007158   0x00000050   Data   RO         2866    .constdata          m_wm.l(asin.o)
    0x080071a8   0x00000098   Data   RO         2919    .constdata          m_wm.l(atan.o)
    0x08007240   0x00000008   Data   RO         2954    .constdata          m_wm.l(qnan.o)
    0x08007248   0x00000094   Data   RO         3003    .constdata          c_w.l(bigflt0.o)
    0x080072dc   0x00000020   Data   RO         3184    Region$$Table       anon$$obj.o
    0x080072fc   0x0000001c   Data   RO         3031    locale$$data        c_w.l(lc_numeric_c.o)


    Execution Region RW_IRAM1 (Base: 0x20000000, Size: 0x00000800, Max: 0x00020000, ABSOLUTE)

    Base Addr    Size         Type   Attr      Idx    E Section Name        Object

    0x20000000   0x00000010   Data   RW          659    .data               stm32f4xx_rcc.o
    0x20000010   0x00000038   Data   RW         1908    .data               inv_mpu.o
    0x20000048   0x00000004   Data   RW         2507    .data               delay.o
    0x2000004c   0x00000006   Data   RW         2573    .data               usart.o
    0x20000052   0x00000002   PAD
    0x20000054   0x00000053   Data   RW         2630    .data               main.o
    0x200000a7   0x00000001   PAD
    0x200000a8   0x00000010   Zero   RW         2189    .bss                inv_mpu_dmp_motion_driver.o
    0x200000b8   0x000000c8   Zero   RW         2572    .bss                usart.o
    0x20000180   0x00000020   Zero   RW         2629    .bss                main.o
    0x200001a0   0x00000060   Zero   RW         3041    .bss                c_w.l(libspace.o)
    0x20000200   0x00000200   Zero   RW            2    HEAP                startup_stm32f40_41xxx.o
    0x20000400   0x00000400   Zero   RW            1    STACK               startup_stm32f40_41xxx.o


==============================================================================

Image component sizes


      Code (inc. data)   RO Data    RW Data    ZI Data      Debug   Object Name

       268         16          0          4          0       2547   delay.o
      5824        200         96         56          0      27545   inv_mpu.o
      3124        140       3062          0         16      21458   inv_mpu_dmp_motion_driver.o
      2036        922          0         83         32       3494   main.o
       180         24          0          0          0     283777   misc.o
       354         74          0          0          0       2133   mpu9250.o
       966        110          0          0          0       7860   myiic.o
        62          0          0          0          0        552   nvic.o
        64         26        392          0       1536        880   startup_stm32f40_41xxx.o
       214          0          0          0          0       1799   stm32f4xx_gpio.o
        26          0          0          0          0       4190   stm32f4xx_it.o
       328         36          0         16          0       4703   stm32f4xx_rcc.o
       214         28          0          0          0       3738   stm32f4xx_tim.o
       404          8          0          0          0       4282   stm32f4xx_usart.o
       340         32          0          0          0       1513   system_stm32f4xx.o
        64          4          0          0          0        549   tim.o
       314         30          0          6        200       4300   usart.o

    ----------------------------------------------------------------------
     14794       1650       3588        168       1784     375320   Object Totals
         0          0         32          0          0          0   (incl. Generated)
        12          0          6          3          0          0   (incl. Padding)

    ----------------------------------------------------------------------

      Code (inc. data)   RO Data    RW Data    ZI Data      Debug   Library Member Name

         8          0          0          0          0         68   __main.o
       284          0          0          0          0        156   __printf_wp.o
         0          0          0          0          0          0   __rtentry.o
        12          0          0          0          0          0   __rtentry2.o
         6          0          0          0          0          0   __rtentry4.o
        52          8          0          0          0          0   __scatter.o
        26          0          0          0          0          0   __scatter_copy.o
        28          0          0          0          0          0   __scatter_zi.o
        48          6          0          0          0         96   _printf_char_common.o
        36          4          0          0          0         80   _printf_char_file.o
         6          0          0          0          0          0   _printf_d.o
       120         16          0          0          0         92   _printf_dec.o
         6          0          0          0          0          0   _printf_f.o
      1050          0          0          0          0        216   _printf_fp_dec.o
       128         16          0          0          0         84   _printf_fp_infnan.o
       178          0          0          0          0         88   _printf_intcommon.o
         0          0          0          0          0          0   _printf_percent.o
         4          0          0          0          0          0   _printf_percent_end.o
        22          0          0          0          0        100   _rserrno.o
        16          0          0          0          0         68   aeabi_memset.o
       220          4        148          0          0         96   bigflt0.o
      1910        128          0          0          0        672   btod.o
        12          0          0          0          0         72   exit.o
         8          0          0          0          0         68   ferror.o
         6          0          0          0          0        152   heapauxi.o
        44         10         28          0          0         76   lc_numeric_c.o
         2          0          0          0          0          0   libinit.o
        22          0          0          0          0          0   libinit2.o
         2          0          0          0          0          0   libshutdown.o
         2          0          0          0          0          0   libshutdown2.o
         8          4          0          0         96         68   libspace.o
        72          0          0          0          0         76   llsdiv.o
       138          0          0          0          0         80   lludiv10.o
       238          0          0          0          0        100   lludivv7m.o
        88          0          0          0          0         76   memcmp.o
        24          4          0          0          0         84   noretval__2printf.o
         8          4          0          0          0         68   rt_errno_addr_intlibspace.o
         8          4          0          0          0         68   rt_locale_intlibspace.o
        68          0          0          0          0         68   rt_memclr.o
        78          0          0          0          0         80   rt_memclr_w.o
         2          0          0          0          0          0   rtexit.o
        10          0          0          0          0          0   rtexit2.o
       128          0          0          0          0         68   strcmpv7m.o
        74          0          0          0          0         80   sys_stackheap_outer.o
         2          0          0          0          0         68   use_no_semi.o
         2          0          0          0          0         68   use_no_semi_2.o
        24          0          0          0          0        164   basic.o
        98          4          0          0          0        140   d2f.o
       826         16          0          0          0        492   daddsub_clz.o
       688        140          0          0          0        256   ddiv.o
       340         12          0          0          0        152   dmul.o
       156          4          0          0          0        140   dnaninf.o
        12          0          0          0          0        116   dretinf.o
       408         56          0          0          0        168   dsqrt_umaal.o
        86          4          0          0          0        132   f2d.o
       140          4          0          0          0        132   fnaninf.o
        10          0          0          0          0        116   fpinit.o
        10          0          0          0          0        116   fretinf.o
         4          0          0          0          0        116   printf1.o
         0          0          0          0          0          0   usenofp.o
       864         94         80          0          0        280   asin.o
       744        106        152          0          0        352   atan.o
       496         64          0          0          0        192   atan2.o
       104         16          0          0          0        496   dunder.o
        24          0          0          0          0        124   fabs.o
        48          0          0          0          0        124   fpclassify.o
       248          0          0          0          0        152   poly.o
         0          0          8          0          0          0   qnan.o
       110          0          0          0          0        148   sqrt.o

    ----------------------------------------------------------------------
     10666        728        416          0         96       7344   Library Totals
        20          0          0          0          0          0   (incl. Padding)

    ----------------------------------------------------------------------

      Code (inc. data)   RO Data    RW Data    ZI Data      Debug   Library Name

      5206        208        176          0         96       3236   c_w.l
      2802        240          0          0          0       2240   fz_wm.l
      2638        280        240          0          0       1868   m_wm.l

    ----------------------------------------------------------------------
     10666        728        416          0         96       7344   Library Totals

    ----------------------------------------------------------------------

==============================================================================


      Code (inc. data)   RO Data    RW Data    ZI Data      Debug   

     25460       2378       4004        168       1880     368444   Grand Totals
     25460       2378       4004        168       1880     368444   ELF Image Totals
     25460       2378       4004        168          0          0   ROM Totals

==============================================================================

    Total RO  Size (Code + RO Data)                29464 (  28.77kB)
    Total RW  Size (RW Data + ZI Data)              2048 (   2.00kB)
    Total ROM Size (Code + RO Data + RW Data)      29632 (  28.94kB)

==============================================================================

